#
# There is insufficient memory for the Java Runtime Environment to continue.
# Native memory allocation (malloc) failed to allocate 32744 bytes for Chunk::new
# Possible reasons:
#   The system is out of physical RAM or swap space
#   The process is running with CompressedOops enabled, and the Java Heap may be blocking the growth of the native heap
# Possible solutions:
#   Reduce memory load on the system
#   Increase physical memory or swap space
#   Check if swap backing store is full
#   Decrease Java heap size (-Xmx/-Xms)
#   Decrease number of Java threads
#   Decrease Java thread stack sizes (-Xss)
#   Set larger code cache with -XX:ReservedCodeCacheSize=
#   JVM is running with Unscaled Compressed Oops mode in which the Java heap is
#     placed in the first 4GB address space. The Java Heap base address is the
#     maximum limit for the native heap growth. Please use -XX:HeapBaseMinAddress
#     to set the Java Heap base and to place the Java Heap above 4GB virtual address.
# This output file may be truncated or incomplete.
#
#  Out of Memory Error (arena.cpp:168), pid=19936, tid=19668
#
# JRE version: Java(TM) SE Runtime Environment (21.0.10+8) (build 21.0.10+8-LTS-217)
# Java VM: Java HotSpot(TM) 64-Bit Server VM (21.0.10+8-LTS-217, mixed mode, sharing, tiered, compressed oops, compressed class ptrs, g1 gc, windows-amd64)
# No core dump will be written. Minidumps are not enabled by default on client versions of Windows
#

---------------  S U M M A R Y ------------

Command Line: -Dapplication.home=C:\Program Files\Java\jdk-21.0.10 --add-modules=ALL-DEFAULT -Xms8m -Xmx512m -Xms128m -Djdk.module.main=jdk.compiler jdk.compiler/com.sun.tools.javac.Main @C:/Users/Shravani/AppData/Local/Temp/org.codehaus.plexus.compiler.javac.JavacCompiler8556548898981167401arguments

Host: 12th Gen Intel(R) Core(TM) i5-1235U, 12 cores, 3G,  Windows 11 , 64 bit Build 26100 (10.0.26100.9278)
Time: Tue Sep  1 20:20:31 2026 India Standard Time elapsed time: 3.851960 seconds (0d 0h 0m 3s)

---------------  T H R E A D  ---------------

Current thread (0x000001ce68456f80):  JavaThread "C1 CompilerThread0" daemon [_thread_in_native, id=19668, stack(0x0000005156200000,0x0000005156300000) (1024K)]


Current CompileTask:
C1:   3852 1133       3       com.sun.tools.javac.parser.JavacParser::term3 (2772 bytes)

Stack: [0x0000005156200000,0x0000005156300000]
Native frames: (J=compiled Java code, j=interpreted, Vv=VM code, C=native code)
V  [jvm.dll+0x6d0b59]
V  [jvm.dll+0x85fd56]
V  [jvm.dll+0x86224e]
V  [jvm.dll+0x862923]
V  [jvm.dll+0x282a16]
V  [jvm.dll+0xc662d]
V  [jvm.dll+0xc6b71]
V  [jvm.dll+0x14121b]
V  [jvm.dll+0x1404f7]
V  [jvm.dll+0x19bd9b]
V  [jvm.dll+0x19c1f6]
V  [jvm.dll+0x156cb5]
V  [jvm.dll+0x1564e8]
V  [jvm.dll+0x15672c]
V  [jvm.dll+0x155b4c]
V  [jvm.dll+0x15792d]
V  [jvm.dll+0x25a629]
V  [jvm.dll+0x258bb5]
V  [jvm.dll+0x3f4da1]
V  [jvm.dll+0x80a83d]
V  [jvm.dll+0x6cf3fd]
C  [ucrtbase.dll+0x2cd30]
C  [KERNEL32.DLL+0x2ccb7]
C  [ntdll.dll+0xacaec]


---------------  P R O C E S S  ---------------

Threads class SMR info:
_java_thread_list=0x000001ce687ec4c0, length=11, elements={
0x000001ce4b23d740, 0x000001ce684376f0, 0x000001ce68438ec0, 0x000001ce6843c120,
0x000001ce6843ec90, 0x000001ce68440260, 0x000001ce684424d0, 0x000001ce68455840,
0x000001ce68456f80, 0x000001ce686f52f0, 0x000001ce687fcb60
}

Java Threads: ( => current thread )
  0x000001ce4b23d740 JavaThread "main"                              [_thread_in_vm, id=15696, stack(0x0000005155300000,0x0000005155400000) (1024K)]
  0x000001ce684376f0 JavaThread "Reference Handler"          daemon [_thread_blocked, id=13148, stack(0x0000005155b00000,0x0000005155c00000) (1024K)]
  0x000001ce68438ec0 JavaThread "Finalizer"                  daemon [_thread_blocked, id=1292, stack(0x0000005155c00000,0x0000005155d00000) (1024K)]
  0x000001ce6843c120 JavaThread "Signal Dispatcher"          daemon [_thread_blocked, id=5556, stack(0x0000005155d00000,0x0000005155e00000) (1024K)]
  0x000001ce6843ec90 JavaThread "Attach Listener"            daemon [_thread_blocked, id=10400, stack(0x0000005155e00000,0x0000005155f00000) (1024K)]
  0x000001ce68440260 JavaThread "Service Thread"             daemon [_thread_blocked, id=11012, stack(0x0000005155f00000,0x0000005156000000) (1024K)]
  0x000001ce684424d0 JavaThread "Monitor Deflation Thread"   daemon [_thread_blocked, id=13880, stack(0x0000005156000000,0x0000005156100000) (1024K)]
  0x000001ce68455840 JavaThread "C2 CompilerThread0"         daemon [_thread_in_native, id=13124, stack(0x0000005156100000,0x0000005156200000) (1024K)]
=>0x000001ce68456f80 JavaThread "C1 CompilerThread0"         daemon [_thread_in_native, id=19668, stack(0x0000005156200000,0x0000005156300000) (1024K)]
  0x000001ce686f52f0 JavaThread "Notification Thread"        daemon [_thread_blocked, id=7220, stack(0x0000005156300000,0x0000005156400000) (1024K)]
  0x000001ce687fcb60 JavaThread "Common-Cleaner"             daemon [_thread_blocked, id=13556, stack(0x0000005156400000,0x0000005156500000) (1024K)]
Total: 11

Other Threads:
  0x000001ce68415a20 VMThread "VM Thread"                           [id=19500, stack(0x0000005155a00000,0x0000005155b00000) (1024K)]
  0x000001ce68404890 WatcherThread "VM Periodic Task Thread"        [id=9796, stack(0x0000005155900000,0x0000005155a00000) (1024K)]
  0x000001ce4d40eb90 WorkerThread "GC Thread#0"                     [id=11728, stack(0x0000005155400000,0x0000005155500000) (1024K)]
  0x000001ce6d30c280 WorkerThread "GC Thread#1"                     [id=15232, stack(0x0000005156500000,0x0000005156600000) (1024K)]
  0x000001ce6d30c630 WorkerThread "GC Thread#2"                     [id=6912, stack(0x0000005156600000,0x0000005156700000) (1024K)]
  0x000001ce6d4879d0 WorkerThread "GC Thread#3"                     [id=13824, stack(0x0000005156700000,0x0000005156800000) (1024K)]
  0x000001ce6d48ce70 WorkerThread "GC Thread#4"                     [id=12652, stack(0x0000005156800000,0x0000005156900000) (1024K)]
  0x000001ce6d48d220 WorkerThread "GC Thread#5"                     [id=5460, stack(0x0000005156900000,0x0000005156a00000) (1024K)]
  0x000001ce6d48d5d0 WorkerThread "GC Thread#6"                     [id=13944, stack(0x0000005156a00000,0x0000005156b00000) (1024K)]
  0x000001ce4d415db0 ConcurrentGCThread "G1 Main Marker"            [id=3720, stack(0x0000005155500000,0x0000005155600000) (1024K)]
  0x000001ce4d41ac40 WorkerThread "G1 Conc#0"                       [id=11300, stack(0x0000005155600000,0x0000005155700000) (1024K)]
  0x000001ce682c3180 ConcurrentGCThread "G1 Refine#0"               [id=13584, stack(0x0000005155700000,0x0000005155800000) (1024K)]
  0x000001ce682c3ab0 ConcurrentGCThread "G1 Service"                [id=16508, stack(0x0000005155800000,0x0000005155900000) (1024K)]
Total: 13

Threads with active compile tasks:
C2 CompilerThread0     3950 1155       4       com.sun.tools.javac.util.Convert::chars2utf (159 bytes)
C1 CompilerThread0     3950 1133       3       com.sun.tools.javac.parser.JavacParser::term3 (2772 bytes)
Total: 2

VM state: not at safepoint (normal execution)

VM Mutex/Monitor currently owned by a thread:  ([mutex/lock_event])
[0x00007ffb34677f10] Metaspace_lock - owner thread: 0x000001ce4b23d740

Heap address: 0x00000000e0000000, size: 512 MB, Compressed Oops mode: 32-bit

CDS archive(s) mapped at: [0x000001ce00000000-0x000001ce00c90000-0x000001ce00c90000), size 13172736, SharedBaseAddress: 0x000001ce00000000, ArchiveRelocationMode: 1.
Compressed class space mapped at: 0x000001ce01000000-0x000001ce41000000, reserved size: 1073741824
Narrow klass base: 0x000001ce00000000, Narrow klass shift: 0, Narrow klass range: 0x100000000

GC Precious Log:
 CardTable entry size: 512
 Card Set container configuration: InlinePtr #cards 5 size 8 Array Of Cards #cards 12 size 40 Howl #buckets 4 coarsen threshold 1843 Howl Bitmap #cards 512 size 80 coarsen threshold 460 Card regions per heap region 1 cards per card region 2048
 CPUs: 12 total, 12 available
 Memory: 3767M
 Large Page Support: Disabled
 NUMA Support: Disabled
 Compressed Oops: Enabled (32-bit)
 Heap Region Size: 1M
 Heap Min Capacity: 128M
 Heap Initial Capacity: 128M
 Heap Max Capacity: 512M
 Pre-touch: Disabled
 Parallel Workers: 10
 Concurrent Workers: 3
 Concurrent Refinement Workers: 10
 Periodic GC: Disabled

Heap:
 garbage-first heap   total 131072K, used 14165K [0x00000000e0000000, 0x0000000100000000)
  region size 1024K, 5 young (5120K), 3 survivors (3072K)
 Metaspace       used 8866K, committed 8960K, reserved 1114112K
  class space    used 978K, committed 1024K, reserved 1048576K

Heap Regions: E=young(eden), S=young(survivor), O=old, HS=humongous(starts), HC=humongous(continues), CS=collection set, F=free, TAMS=top-at-mark-start, PB=parsable bottom
|   0|0x00000000e0000000, 0x00000000e0100000, 0x00000000e0100000|100%|HS|  |TAMS 0x00000000e0000000| PB 0x00000000e0000000| Complete 
|   1|0x00000000e0100000, 0x00000000e0200000, 0x00000000e0200000|100%|HC|  |TAMS 0x00000000e0100000| PB 0x00000000e0100000| Complete 
|   2|0x00000000e0200000, 0x00000000e0300000, 0x00000000e0300000|100%|HC|  |TAMS 0x00000000e0200000| PB 0x00000000e0200000| Complete 
|   3|0x00000000e0300000, 0x00000000e0400000, 0x00000000e0400000|100%|HS|  |TAMS 0x00000000e0300000| PB 0x00000000e0300000| Complete 
|   4|0x00000000e0400000, 0x00000000e0500000, 0x00000000e0500000|100%|HC|  |TAMS 0x00000000e0400000| PB 0x00000000e0400000| Complete 
|   5|0x00000000e0500000, 0x00000000e0600000, 0x00000000e0600000|100%|HC|  |TAMS 0x00000000e0500000| PB 0x00000000e0500000| Complete 
|   6|0x00000000e0600000, 0x00000000e0600000, 0x00000000e0700000|  0%| F|  |TAMS 0x00000000e0600000| PB 0x00000000e0600000| Untracked 
|   7|0x00000000e0700000, 0x00000000e0800000, 0x00000000e0800000|100%| O|  |TAMS 0x00000000e0700000| PB 0x00000000e0700000| Untracked 
|   8|0x00000000e0800000, 0x00000000e0900000, 0x00000000e0900000|100%| O|  |TAMS 0x00000000e0800000| PB 0x00000000e0800000| Untracked 
|   9|0x00000000e0900000, 0x00000000e0a00000, 0x00000000e0a00000|100%| O|  |TAMS 0x00000000e0900000| PB 0x00000000e0900000| Untracked 
|  10|0x00000000e0a00000, 0x00000000e0ad5500, 0x00000000e0b00000| 83%| O|  |TAMS 0x00000000e0a00000| PB 0x00000000e0a00000| Untracked 
|  11|0x00000000e0b00000, 0x00000000e0b00000, 0x00000000e0c00000|  0%| F|  |TAMS 0x00000000e0b00000| PB 0x00000000e0b00000| Untracked 
|  12|0x00000000e0c00000, 0x00000000e0c00000, 0x00000000e0d00000|  0%| F|  |TAMS 0x00000000e0c00000| PB 0x00000000e0c00000| Untracked 
|  13|0x00000000e0d00000, 0x00000000e0d00000, 0x00000000e0e00000|  0%| F|  |TAMS 0x00000000e0d00000| PB 0x00000000e0d00000| Untracked 
|  14|0x00000000e0e00000, 0x00000000e0e00000, 0x00000000e0f00000|  0%| F|  |TAMS 0x00000000e0e00000| PB 0x00000000e0e00000| Untracked 
|  15|0x00000000e0f00000, 0x00000000e0f00000, 0x00000000e1000000|  0%| F|  |TAMS 0x00000000e0f00000| PB 0x00000000e0f00000| Untracked 
|  16|0x00000000e1000000, 0x00000000e1000000, 0x00000000e1100000|  0%| F|  |TAMS 0x00000000e1000000| PB 0x00000000e1000000| Untracked 
|  17|0x00000000e1100000, 0x00000000e1100000, 0x00000000e1200000|  0%| F|  |TAMS 0x00000000e1100000| PB 0x00000000e1100000| Untracked 
|  18|0x00000000e1200000, 0x00000000e1200000, 0x00000000e1300000|  0%| F|  |TAMS 0x00000000e1200000| PB 0x00000000e1200000| Untracked 
|  19|0x00000000e1300000, 0x00000000e1300000, 0x00000000e1400000|  0%| F|  |TAMS 0x00000000e1300000| PB 0x00000000e1300000| Untracked 
|  20|0x00000000e1400000, 0x00000000e1400000, 0x00000000e1500000|  0%| F|  |TAMS 0x00000000e1400000| PB 0x00000000e1400000| Untracked 
|  21|0x00000000e1500000, 0x00000000e1500000, 0x00000000e1600000|  0%| F|  |TAMS 0x00000000e1500000| PB 0x00000000e1500000| Untracked 
|  22|0x00000000e1600000, 0x00000000e1600000, 0x00000000e1700000|  0%| F|  |TAMS 0x00000000e1600000| PB 0x00000000e1600000| Untracked 
|  23|0x00000000e1700000, 0x00000000e1700000, 0x00000000e1800000|  0%| F|  |TAMS 0x00000000e1700000| PB 0x00000000e1700000| Untracked 
|  24|0x00000000e1800000, 0x00000000e1800000, 0x00000000e1900000|  0%| F|  |TAMS 0x00000000e1800000| PB 0x00000000e1800000| Untracked 
|  25|0x00000000e1900000, 0x00000000e1900000, 0x00000000e1a00000|  0%| F|  |TAMS 0x00000000e1900000| PB 0x00000000e1900000| Untracked 
|  26|0x00000000e1a00000, 0x00000000e1a00000, 0x00000000e1b00000|  0%| F|  |TAMS 0x00000000e1a00000| PB 0x00000000e1a00000| Untracked 
|  27|0x00000000e1b00000, 0x00000000e1b00000, 0x00000000e1c00000|  0%| F|  |TAMS 0x00000000e1b00000| PB 0x00000000e1b00000| Untracked 
|  28|0x00000000e1c00000, 0x00000000e1c00000, 0x00000000e1d00000|  0%| F|  |TAMS 0x00000000e1c00000| PB 0x00000000e1c00000| Untracked 
|  29|0x00000000e1d00000, 0x00000000e1d00000, 0x00000000e1e00000|  0%| F|  |TAMS 0x00000000e1d00000| PB 0x00000000e1d00000| Untracked 
|  30|0x00000000e1e00000, 0x00000000e1e00000, 0x00000000e1f00000|  0%| F|  |TAMS 0x00000000e1e00000| PB 0x00000000e1e00000| Untracked 
|  31|0x00000000e1f00000, 0x00000000e1f00000, 0x00000000e2000000|  0%| F|  |TAMS 0x00000000e1f00000| PB 0x00000000e1f00000| Untracked 
|  32|0x00000000e2000000, 0x00000000e2000000, 0x00000000e2100000|  0%| F|  |TAMS 0x00000000e2000000| PB 0x00000000e2000000| Untracked 
|  33|0x00000000e2100000, 0x00000000e2100000, 0x00000000e2200000|  0%| F|  |TAMS 0x00000000e2100000| PB 0x00000000e2100000| Untracked 
|  34|0x00000000e2200000, 0x00000000e2200000, 0x00000000e2300000|  0%| F|  |TAMS 0x00000000e2200000| PB 0x00000000e2200000| Untracked 
|  35|0x00000000e2300000, 0x00000000e2300000, 0x00000000e2400000|  0%| F|  |TAMS 0x00000000e2300000| PB 0x00000000e2300000| Untracked 
|  36|0x00000000e2400000, 0x00000000e2400000, 0x00000000e2500000|  0%| F|  |TAMS 0x00000000e2400000| PB 0x00000000e2400000| Untracked 
|  37|0x00000000e2500000, 0x00000000e2500000, 0x00000000e2600000|  0%| F|  |TAMS 0x00000000e2500000| PB 0x00000000e2500000| Untracked 
|  38|0x00000000e2600000, 0x00000000e2600000, 0x00000000e2700000|  0%| F|  |TAMS 0x00000000e2600000| PB 0x00000000e2600000| Untracked 
|  39|0x00000000e2700000, 0x00000000e2700000, 0x00000000e2800000|  0%| F|  |TAMS 0x00000000e2700000| PB 0x00000000e2700000| Untracked 
|  40|0x00000000e2800000, 0x00000000e2800000, 0x00000000e2900000|  0%| F|  |TAMS 0x00000000e2800000| PB 0x00000000e2800000| Untracked 
|  41|0x00000000e2900000, 0x00000000e2900000, 0x00000000e2a00000|  0%| F|  |TAMS 0x00000000e2900000| PB 0x00000000e2900000| Untracked 
|  42|0x00000000e2a00000, 0x00000000e2a00000, 0x00000000e2b00000|  0%| F|  |TAMS 0x00000000e2a00000| PB 0x00000000e2a00000| Untracked 
|  43|0x00000000e2b00000, 0x00000000e2b00000, 0x00000000e2c00000|  0%| F|  |TAMS 0x00000000e2b00000| PB 0x00000000e2b00000| Untracked 
|  44|0x00000000e2c00000, 0x00000000e2c00000, 0x00000000e2d00000|  0%| F|  |TAMS 0x00000000e2c00000| PB 0x00000000e2c00000| Untracked 
|  45|0x00000000e2d00000, 0x00000000e2d00000, 0x00000000e2e00000|  0%| F|  |TAMS 0x00000000e2d00000| PB 0x00000000e2d00000| Untracked 
|  46|0x00000000e2e00000, 0x00000000e2e00000, 0x00000000e2f00000|  0%| F|  |TAMS 0x00000000e2e00000| PB 0x00000000e2e00000| Untracked 
|  47|0x00000000e2f00000, 0x00000000e2f00000, 0x00000000e3000000|  0%| F|  |TAMS 0x00000000e2f00000| PB 0x00000000e2f00000| Untracked 
|  48|0x00000000e3000000, 0x00000000e3000000, 0x00000000e3100000|  0%| F|  |TAMS 0x00000000e3000000| PB 0x00000000e3000000| Untracked 
|  49|0x00000000e3100000, 0x00000000e3100000, 0x00000000e3200000|  0%| F|  |TAMS 0x00000000e3100000| PB 0x00000000e3100000| Untracked 
|  50|0x00000000e3200000, 0x00000000e3200000, 0x00000000e3300000|  0%| F|  |TAMS 0x00000000e3200000| PB 0x00000000e3200000| Untracked 
|  51|0x00000000e3300000, 0x00000000e3300000, 0x00000000e3400000|  0%| F|  |TAMS 0x00000000e3300000| PB 0x00000000e3300000| Untracked 
|  52|0x00000000e3400000, 0x00000000e3400000, 0x00000000e3500000|  0%| F|  |TAMS 0x00000000e3400000| PB 0x00000000e3400000| Untracked 
|  53|0x00000000e3500000, 0x00000000e3500000, 0x00000000e3600000|  0%| F|  |TAMS 0x00000000e3500000| PB 0x00000000e3500000| Untracked 
|  54|0x00000000e3600000, 0x00000000e3600000, 0x00000000e3700000|  0%| F|  |TAMS 0x00000000e3600000| PB 0x00000000e3600000| Untracked 
|  55|0x00000000e3700000, 0x00000000e3700000, 0x00000000e3800000|  0%| F|  |TAMS 0x00000000e3700000| PB 0x00000000e3700000| Untracked 
|  56|0x00000000e3800000, 0x00000000e3800000, 0x00000000e3900000|  0%| F|  |TAMS 0x00000000e3800000| PB 0x00000000e3800000| Untracked 
|  57|0x00000000e3900000, 0x00000000e3900000, 0x00000000e3a00000|  0%| F|  |TAMS 0x00000000e3900000| PB 0x00000000e3900000| Untracked 
|  58|0x00000000e3a00000, 0x00000000e3a00000, 0x00000000e3b00000|  0%| F|  |TAMS 0x00000000e3a00000| PB 0x00000000e3a00000| Untracked 
|  59|0x00000000e3b00000, 0x00000000e3b00000, 0x00000000e3c00000|  0%| F|  |TAMS 0x00000000e3b00000| PB 0x00000000e3b00000| Untracked 
|  60|0x00000000e3c00000, 0x00000000e3c00000, 0x00000000e3d00000|  0%| F|  |TAMS 0x00000000e3c00000| PB 0x00000000e3c00000| Untracked 
|  61|0x00000000e3d00000, 0x00000000e3d00000, 0x00000000e3e00000|  0%| F|  |TAMS 0x00000000e3d00000| PB 0x00000000e3d00000| Untracked 
|  62|0x00000000e3e00000, 0x00000000e3e00000, 0x00000000e3f00000|  0%| F|  |TAMS 0x00000000e3e00000| PB 0x00000000e3e00000| Untracked 
|  63|0x00000000e3f00000, 0x00000000e3f00000, 0x00000000e4000000|  0%| F|  |TAMS 0x00000000e3f00000| PB 0x00000000e3f00000| Untracked 
|  64|0x00000000e4000000, 0x00000000e4000000, 0x00000000e4100000|  0%| F|  |TAMS 0x00000000e4000000| PB 0x00000000e4000000| Untracked 
|  65|0x00000000e4100000, 0x00000000e4100000, 0x00000000e4200000|  0%| F|  |TAMS 0x00000000e4100000| PB 0x00000000e4100000| Untracked 
|  66|0x00000000e4200000, 0x00000000e4200000, 0x00000000e4300000|  0%| F|  |TAMS 0x00000000e4200000| PB 0x00000000e4200000| Untracked 
|  67|0x00000000e4300000, 0x00000000e4300000, 0x00000000e4400000|  0%| F|  |TAMS 0x00000000e4300000| PB 0x00000000e4300000| Untracked 
|  68|0x00000000e4400000, 0x00000000e4400000, 0x00000000e4500000|  0%| F|  |TAMS 0x00000000e4400000| PB 0x00000000e4400000| Untracked 
|  69|0x00000000e4500000, 0x00000000e4500000, 0x00000000e4600000|  0%| F|  |TAMS 0x00000000e4500000| PB 0x00000000e4500000| Untracked 
|  70|0x00000000e4600000, 0x00000000e4600000, 0x00000000e4700000|  0%| F|  |TAMS 0x00000000e4600000| PB 0x00000000e4600000| Untracked 
|  71|0x00000000e4700000, 0x00000000e4700000, 0x00000000e4800000|  0%| F|  |TAMS 0x00000000e4700000| PB 0x00000000e4700000| Untracked 
|  72|0x00000000e4800000, 0x00000000e4800000, 0x00000000e4900000|  0%| F|  |TAMS 0x00000000e4800000| PB 0x00000000e4800000| Untracked 
|  73|0x00000000e4900000, 0x00000000e4900000, 0x00000000e4a00000|  0%| F|  |TAMS 0x00000000e4900000| PB 0x00000000e4900000| Untracked 
|  74|0x00000000e4a00000, 0x00000000e4a00000, 0x00000000e4b00000|  0%| F|  |TAMS 0x00000000e4a00000| PB 0x00000000e4a00000| Untracked 
|  75|0x00000000e4b00000, 0x00000000e4b00000, 0x00000000e4c00000|  0%| F|  |TAMS 0x00000000e4b00000| PB 0x00000000e4b00000| Untracked 
|  76|0x00000000e4c00000, 0x00000000e4c00000, 0x00000000e4d00000|  0%| F|  |TAMS 0x00000000e4c00000| PB 0x00000000e4c00000| Untracked 
|  77|0x00000000e4d00000, 0x00000000e4d00000, 0x00000000e4e00000|  0%| F|  |TAMS 0x00000000e4d00000| PB 0x00000000e4d00000| Untracked 
|  78|0x00000000e4e00000, 0x00000000e4e00000, 0x00000000e4f00000|  0%| F|  |TAMS 0x00000000e4e00000| PB 0x00000000e4e00000| Untracked 
|  79|0x00000000e4f00000, 0x00000000e4f00000, 0x00000000e5000000|  0%| F|  |TAMS 0x00000000e4f00000| PB 0x00000000e4f00000| Untracked 
|  80|0x00000000e5000000, 0x00000000e5000000, 0x00000000e5100000|  0%| F|  |TAMS 0x00000000e5000000| PB 0x00000000e5000000| Untracked 
|  81|0x00000000e5100000, 0x00000000e5100000, 0x00000000e5200000|  0%| F|  |TAMS 0x00000000e5100000| PB 0x00000000e5100000| Untracked 
|  82|0x00000000e5200000, 0x00000000e5200000, 0x00000000e5300000|  0%| F|  |TAMS 0x00000000e5200000| PB 0x00000000e5200000| Untracked 
|  83|0x00000000e5300000, 0x00000000e5300000, 0x00000000e5400000|  0%| F|  |TAMS 0x00000000e5300000| PB 0x00000000e5300000| Untracked 
|  84|0x00000000e5400000, 0x00000000e5400000, 0x00000000e5500000|  0%| F|  |TAMS 0x00000000e5400000| PB 0x00000000e5400000| Untracked 
|  85|0x00000000e5500000, 0x00000000e5500000, 0x00000000e5600000|  0%| F|  |TAMS 0x00000000e5500000| PB 0x00000000e5500000| Untracked 
|  86|0x00000000e5600000, 0x00000000e5600000, 0x00000000e5700000|  0%| F|  |TAMS 0x00000000e5600000| PB 0x00000000e5600000| Untracked 
|  87|0x00000000e5700000, 0x00000000e5700000, 0x00000000e5800000|  0%| F|  |TAMS 0x00000000e5700000| PB 0x00000000e5700000| Untracked 
|  88|0x00000000e5800000, 0x00000000e5800000, 0x00000000e5900000|  0%| F|  |TAMS 0x00000000e5800000| PB 0x00000000e5800000| Untracked 
|  89|0x00000000e5900000, 0x00000000e5900000, 0x00000000e5a00000|  0%| F|  |TAMS 0x00000000e5900000| PB 0x00000000e5900000| Untracked 
|  90|0x00000000e5a00000, 0x00000000e5a00000, 0x00000000e5b00000|  0%| F|  |TAMS 0x00000000e5a00000| PB 0x00000000e5a00000| Untracked 
|  91|0x00000000e5b00000, 0x00000000e5b00000, 0x00000000e5c00000|  0%| F|  |TAMS 0x00000000e5b00000| PB 0x00000000e5b00000| Untracked 
|  92|0x00000000e5c00000, 0x00000000e5c00000, 0x00000000e5d00000|  0%| F|  |TAMS 0x00000000e5c00000| PB 0x00000000e5c00000| Untracked 
|  93|0x00000000e5d00000, 0x00000000e5d00000, 0x00000000e5e00000|  0%| F|  |TAMS 0x00000000e5d00000| PB 0x00000000e5d00000| Untracked 
|  94|0x00000000e5e00000, 0x00000000e5e00000, 0x00000000e5f00000|  0%| F|  |TAMS 0x00000000e5e00000| PB 0x00000000e5e00000| Untracked 
|  95|0x00000000e5f00000, 0x00000000e5f00000, 0x00000000e6000000|  0%| F|  |TAMS 0x00000000e5f00000| PB 0x00000000e5f00000| Untracked 
|  96|0x00000000e6000000, 0x00000000e6000000, 0x00000000e6100000|  0%| F|  |TAMS 0x00000000e6000000| PB 0x00000000e6000000| Untracked 
|  97|0x00000000e6100000, 0x00000000e6100000, 0x00000000e6200000|  0%| F|  |TAMS 0x00000000e6100000| PB 0x00000000e6100000| Untracked 
|  98|0x00000000e6200000, 0x00000000e6200000, 0x00000000e6300000|  0%| F|  |TAMS 0x00000000e6200000| PB 0x00000000e6200000| Untracked 
|  99|0x00000000e6300000, 0x00000000e6300000, 0x00000000e6400000|  0%| F|  |TAMS 0x00000000e6300000| PB 0x00000000e6300000| Untracked 
| 100|0x00000000e6400000, 0x00000000e6400000, 0x00000000e6500000|  0%| F|  |TAMS 0x00000000e6400000| PB 0x00000000e6400000| Untracked 
| 101|0x00000000e6500000, 0x00000000e6500000, 0x00000000e6600000|  0%| F|  |TAMS 0x00000000e6500000| PB 0x00000000e6500000| Untracked 
| 102|0x00000000e6600000, 0x00000000e6700000, 0x00000000e6700000|100%| S|CS|TAMS 0x00000000e6600000| PB 0x00000000e6600000| Complete 
| 103|0x00000000e6700000, 0x00000000e6800000, 0x00000000e6800000|100%| S|CS|TAMS 0x00000000e6700000| PB 0x00000000e6700000| Complete 
| 104|0x00000000e6800000, 0x00000000e6900000, 0x00000000e6900000|100%| S|CS|TAMS 0x00000000e6800000| PB 0x00000000e6800000| Complete 
| 105|0x00000000e6900000, 0x00000000e6900000, 0x00000000e6a00000|  0%| F|  |TAMS 0x00000000e6900000| PB 0x00000000e6900000| Untracked 
| 106|0x00000000e6a00000, 0x00000000e6a00000, 0x00000000e6b00000|  0%| F|  |TAMS 0x00000000e6a00000| PB 0x00000000e6a00000| Untracked 
| 107|0x00000000e6b00000, 0x00000000e6b00000, 0x00000000e6c00000|  0%| F|  |TAMS 0x00000000e6b00000| PB 0x00000000e6b00000| Untracked 
| 108|0x00000000e6c00000, 0x00000000e6c00000, 0x00000000e6d00000|  0%| F|  |TAMS 0x00000000e6c00000| PB 0x00000000e6c00000| Untracked 
| 109|0x00000000e6d00000, 0x00000000e6d00000, 0x00000000e6e00000|  0%| F|  |TAMS 0x00000000e6d00000| PB 0x00000000e6d00000| Untracked 
| 110|0x00000000e6e00000, 0x00000000e6e00000, 0x00000000e6f00000|  0%| F|  |TAMS 0x00000000e6e00000| PB 0x00000000e6e00000| Untracked 
| 111|0x00000000e6f00000, 0x00000000e6f00000, 0x00000000e7000000|  0%| F|  |TAMS 0x00000000e6f00000| PB 0x00000000e6f00000| Untracked 
| 112|0x00000000e7000000, 0x00000000e7000000, 0x00000000e7100000|  0%| F|  |TAMS 0x00000000e7000000| PB 0x00000000e7000000| Untracked 
| 113|0x00000000e7100000, 0x00000000e7100000, 0x00000000e7200000|  0%| F|  |TAMS 0x00000000e7100000| PB 0x00000000e7100000| Untracked 
| 114|0x00000000e7200000, 0x00000000e7200000, 0x00000000e7300000|  0%| F|  |TAMS 0x00000000e7200000| PB 0x00000000e7200000| Untracked 
| 115|0x00000000e7300000, 0x00000000e7300000, 0x00000000e7400000|  0%| F|  |TAMS 0x00000000e7300000| PB 0x00000000e7300000| Untracked 
| 116|0x00000000e7400000, 0x00000000e7400000, 0x00000000e7500000|  0%| F|  |TAMS 0x00000000e7400000| PB 0x00000000e7400000| Untracked 
| 117|0x00000000e7500000, 0x00000000e7500000, 0x00000000e7600000|  0%| F|  |TAMS 0x00000000e7500000| PB 0x00000000e7500000| Untracked 
| 118|0x00000000e7600000, 0x00000000e7600000, 0x00000000e7700000|  0%| F|  |TAMS 0x00000000e7600000| PB 0x00000000e7600000| Untracked 
| 119|0x00000000e7700000, 0x00000000e7700000, 0x00000000e7800000|  0%| F|  |TAMS 0x00000000e7700000| PB 0x00000000e7700000| Untracked 
| 120|0x00000000e7800000, 0x00000000e7800000, 0x00000000e7900000|  0%| F|  |TAMS 0x00000000e7800000| PB 0x00000000e7800000| Untracked 
| 121|0x00000000e7900000, 0x00000000e7900000, 0x00000000e7a00000|  0%| F|  |TAMS 0x00000000e7900000| PB 0x00000000e7900000| Untracked 
| 122|0x00000000e7a00000, 0x00000000e7a00000, 0x00000000e7b00000|  0%| F|  |TAMS 0x00000000e7a00000| PB 0x00000000e7a00000| Untracked 
| 123|0x00000000e7b00000, 0x00000000e7b00000, 0x00000000e7c00000|  0%| F|  |TAMS 0x00000000e7b00000| PB 0x00000000e7b00000| Untracked 
| 124|0x00000000e7c00000, 0x00000000e7c00000, 0x00000000e7d00000|  0%| F|  |TAMS 0x00000000e7c00000| PB 0x00000000e7c00000| Untracked 
| 125|0x00000000e7d00000, 0x00000000e7d00000, 0x00000000e7e00000|  0%| F|  |TAMS 0x00000000e7d00000| PB 0x00000000e7d00000| Untracked 
| 126|0x00000000e7e00000, 0x00000000e7e66690, 0x00000000e7f00000| 40%| E|  |TAMS 0x00000000e7e00000| PB 0x00000000e7e00000| Complete 
| 127|0x00000000e7f00000, 0x00000000e8000000, 0x00000000e8000000|100%| E|CS|TAMS 0x00000000e7f00000| PB 0x00000000e7f00000| Complete 

Card table byte_map: [0x000001ce64ee0000,0x000001ce64fe0000] _byte_map_base: 0x000001ce647e0000

Marking Bits: (CMBitMap*) 0x000001ce4d40feb0
 Bits: [0x000001ce64fe0000, 0x000001ce657e0000)

Polling page: 0x000001ce4cbb0000

Metaspace:

Usage:
  Non-class:      7.70 MB used.
      Class:    978.59 KB used.
       Both:      8.66 MB used.

Virtual space:
  Non-class space:       64.00 MB reserved,       7.75 MB ( 12%) committed,  1 nodes.
      Class space:        1.00 GB reserved,       1.00 MB ( <1%) committed,  1 nodes.
             Both:        1.06 GB reserved,       8.75 MB ( <1%) committed. 

Chunk freelists:
   Non-Class:  6.06 MB
       Class:  14.92 MB
        Both:  20.98 MB

MaxMetaspaceSize: unlimited
CompressedClassSpaceSize: 1.00 GB
Initial GC threshold: 21.00 MB
Current GC threshold: 21.00 MB
CDS: on
 - commit_granule_bytes: 65536.
 - commit_granule_words: 8192.
 - virtual_space_node_default_size: 8388608.
 - enlarge_chunks_in_place: 1.
 - use_allocation_guard: 0.


Internal statistics:

num_allocs_failed_limit: 0.
num_arena_births: 60.
num_arena_deaths: 0.
num_vsnodes_births: 2.
num_vsnodes_deaths: 0.
num_space_committed: 140.
num_space_uncommitted: 0.
num_chunks_returned_to_freelist: 0.
num_chunks_taken_from_freelist: 329.
num_chunk_merges: 0.
num_chunk_splits: 245.
num_chunks_enlarged: 207.
num_inconsistent_stats: 0.

CodeHeap 'non-profiled nmethods': size=120000Kb used=435Kb max_used=435Kb free=119564Kb
 bounds [0x000001ce5d360000, 0x000001ce5d5d0000, 0x000001ce64890000]
CodeHeap 'profiled nmethods': size=120000Kb used=1922Kb max_used=1922Kb free=118077Kb
 bounds [0x000001ce55890000, 0x000001ce55b00000, 0x000001ce5cdc0000]
CodeHeap 'non-nmethods': size=5760Kb used=1368Kb max_used=1383Kb free=4391Kb
 bounds [0x000001ce5cdc0000, 0x000001ce5d030000, 0x000001ce5d360000]
 total_blobs=1610 nmethods=1140 adapters=375
 compilation: enabled
              stopped_count=0, restarted_count=0
 full_count=0

Compilation events (20 events):
Event: 3.771 Thread 0x000001ce68456f80 1127       3       com.sun.tools.javac.parser.JavaTokenizer::scanLitChar (338 bytes)
Event: 3.777 Thread 0x000001ce68456f80 nmethod 1127 0x000001ce55a63610 code [0x000001ce55a63ca0, 0x000001ce55a69628]
Event: 3.777 Thread 0x000001ce68456f80 1130       3       com.sun.tools.javac.parser.UnicodeReader::nextCodePoint (104 bytes)
Event: 3.778 Thread 0x000001ce68456f80 nmethod 1130 0x000001ce55a6a790 code [0x000001ce55a6a980, 0x000001ce55a6afb8]
Event: 3.778 Thread 0x000001ce68456f80 1131       3       com.sun.tools.javac.parser.UnicodeReader::isAvailable (17 bytes)
Event: 3.778 Thread 0x000001ce68456f80 nmethod 1131 0x000001ce55a6b190 code [0x000001ce55a6b320, 0x000001ce55a6b488]
Event: 3.778 Thread 0x000001ce68456f80 1128       3       com.sun.tools.javac.parser.Tokens$NamedToken::checkKind (43 bytes)
Event: 3.779 Thread 0x000001ce68455840 1132       4       com.sun.tools.javac.parser.UnicodeReader::nextCodeUnit (48 bytes)
Event: 3.779 Thread 0x000001ce68456f80 nmethod 1128 0x000001ce55a6b510 code [0x000001ce55a6b760, 0x000001ce55a6bef0]
Event: 3.779 Thread 0x000001ce68456f80 1129       3       com.sun.tools.javac.parser.JavacParser::ident (397 bytes)
Event: 3.782 Thread 0x000001ce68455840 nmethod 1132 0x000001ce5d3ca210 code [0x000001ce5d3ca3a0, 0x000001ce5d3ca498]
Event: 3.784 Thread 0x000001ce68456f80 nmethod 1129 0x000001ce55a6c210 code [0x000001ce55a6c800, 0x000001ce55a6f930]
Event: 3.784 Thread 0x000001ce68456f80 1133       3       com.sun.tools.javac.parser.JavacParser::term3 (2772 bytes)
Event: 3.789 Thread 0x000001ce68455840 1139       4       com.sun.tools.javac.tree.TreeMaker::at (7 bytes)
Event: 3.790 Thread 0x000001ce68455840 nmethod 1139 0x000001ce5d3ca590 code [0x000001ce5d3ca720, 0x000001ce5d3ca7b0]
Event: 3.798 Thread 0x000001ce68455840 1140       4       com.sun.tools.javac.parser.JavaTokenizer::put (27 bytes)
Event: 3.825 Thread 0x000001ce68455840 nmethod 1140 0x000001ce5d3ca890 code [0x000001ce5d3caa60, 0x000001ce5d3cb0e8]
Event: 3.825 Thread 0x000001ce68455840 1143       4       com.sun.tools.javac.parser.UnicodeReader::nextCodePoint (104 bytes)
Event: 3.832 Thread 0x000001ce68455840 nmethod 1143 0x000001ce5d3cb490 code [0x000001ce5d3cb640, 0x000001ce5d3cb800]
Event: 3.832 Thread 0x000001ce68455840 1141       4       com.sun.tools.javac.util.Name$Table::hashValue (36 bytes)

GC Heap History (2 events):
Event: 3.634 GC heap before
{Heap before GC invocations=0 (full 0):
 garbage-first heap   total 131072K, used 29696K [0x00000000e0000000, 0x0000000100000000)
  region size 1024K, 23 young (23552K), 0 survivors (0K)
 Metaspace       used 8527K, committed 8704K, reserved 1114112K
  class space    used 954K, committed 1024K, reserved 1048576K
}
Event: 3.664 GC heap after
{Heap after GC invocations=1 (full 0):
 garbage-first heap   total 131072K, used 13141K [0x00000000e0000000, 0x0000000100000000)
  region size 1024K, 3 young (3072K), 3 survivors (3072K)
 Metaspace       used 8527K, committed 8704K, reserved 1114112K
  class space    used 954K, committed 1024K, reserved 1048576K
}

Dll operation events (6 events):
Event: 0.066 Loaded shared library C:\Program Files\Java\jdk-21.0.10\bin\java.dll
Event: 0.393 Loaded shared library C:\Program Files\Java\jdk-21.0.10\bin\jsvml.dll
Event: 0.530 Loaded shared library C:\Program Files\Java\jdk-21.0.10\bin\jimage.dll
Event: 0.842 Loaded shared library C:\Program Files\Java\jdk-21.0.10\bin\net.dll
Event: 0.856 Loaded shared library C:\Program Files\Java\jdk-21.0.10\bin\nio.dll
Event: 1.560 Loaded shared library C:\Program Files\Java\jdk-21.0.10\bin\zip.dll

Deoptimization events (20 events):
Event: 1.947 Thread 0x000001ce4b23d740 DEOPT PACKING pc=0x000001ce5598c2bc sp=0x00000051553fed20
Event: 1.947 Thread 0x000001ce4b23d740 DEOPT UNPACKING pc=0x000001ce5ce14e42 sp=0x00000051553fe1b0 mode 0
Event: 2.521 Thread 0x000001ce4b23d740 DEOPT PACKING pc=0x000001ce55902249 sp=0x00000051553fec10
Event: 2.521 Thread 0x000001ce4b23d740 DEOPT UNPACKING pc=0x000001ce5ce14e42 sp=0x00000051553fe088 mode 0
Event: 3.409 Thread 0x000001ce4b23d740 Uncommon trap: trap_request=0xffffff45 fr.pc=0x000001ce5d3bca40 relative=0x00000000000004e0
Event: 3.409 Thread 0x000001ce4b23d740 Uncommon trap: reason=unstable_if action=reinterpret pc=0x000001ce5d3bca40 method=java.lang.StringLatin1.replace([BCC)Ljava/lang/String; @ 19 c2
Event: 3.409 Thread 0x000001ce4b23d740 DEOPT PACKING pc=0x000001ce5d3bca40 sp=0x00000051553ff0d0
Event: 3.409 Thread 0x000001ce4b23d740 DEOPT UNPACKING pc=0x000001ce5ce146a2 sp=0x00000051553ff050 mode 2
Event: 3.581 Thread 0x000001ce4b23d740 Uncommon trap: trap_request=0xffffffc6 fr.pc=0x000001ce5d3961c8 relative=0x0000000000000988
Event: 3.581 Thread 0x000001ce4b23d740 Uncommon trap: reason=bimorphic_or_optimized_type_check action=maybe_recompile pc=0x000001ce5d3961c8 method=java.util.HashMap.getNode(Ljava/lang/Object;)Ljava/util/HashMap$Node; @ 63 c2
Event: 3.581 Thread 0x000001ce4b23d740 DEOPT PACKING pc=0x000001ce5d3961c8 sp=0x00000051553feaa0
Event: 3.581 Thread 0x000001ce4b23d740 DEOPT UNPACKING pc=0x000001ce5ce146a2 sp=0x00000051553fea38 mode 2
Event: 3.665 Thread 0x000001ce4b23d740 Uncommon trap: trap_request=0xffffff45 fr.pc=0x000001ce5d3c7550 relative=0x00000000000000b0
Event: 3.665 Thread 0x000001ce4b23d740 Uncommon trap: reason=unstable_if action=reinterpret pc=0x000001ce5d3c7550 method=java.lang.CharacterDataLatin1.digit(II)I @ 7 c2
Event: 3.665 Thread 0x000001ce4b23d740 DEOPT PACKING pc=0x000001ce5d3c7550 sp=0x00000051553fed20
Event: 3.665 Thread 0x000001ce4b23d740 DEOPT UNPACKING pc=0x000001ce5ce146a2 sp=0x00000051553febe0 mode 2
Event: 3.772 Thread 0x000001ce4b23d740 Uncommon trap: trap_request=0xffffff45 fr.pc=0x000001ce5d3c9d08 relative=0x00000000000000e8
Event: 3.772 Thread 0x000001ce4b23d740 Uncommon trap: reason=unstable_if action=reinterpret pc=0x000001ce5d3c9d08 method=com.sun.tools.javac.parser.UnicodeReader.nextUnicodeInputCharacter()V @ 28 c2
Event: 3.772 Thread 0x000001ce4b23d740 DEOPT PACKING pc=0x000001ce5d3c9d08 sp=0x00000051553fe0c0
Event: 3.772 Thread 0x000001ce4b23d740 DEOPT UNPACKING pc=0x000001ce5ce146a2 sp=0x00000051553fdff8 mode 2

Classes loaded (20 events):
Event: 3.669 Loading class java/util/BitSet
Event: 3.669 Loading class java/util/BitSet done
Event: 3.678 Loading class java/lang/StringIndexOutOfBoundsException
Event: 3.679 Loading class java/lang/StringIndexOutOfBoundsException done
Event: 3.815 Loading class jdk/internal/math/FloatingDecimal
Event: 3.816 Loading class jdk/internal/math/FloatingDecimal done
Event: 3.816 Loading class jdk/internal/math/FloatingDecimal$ExceptionalBinaryToASCIIBuffer
Event: 3.817 Loading class jdk/internal/math/FloatingDecimal$BinaryToASCIIConverter
Event: 3.817 Loading class jdk/internal/math/FloatingDecimal$BinaryToASCIIConverter done
Event: 3.817 Loading class jdk/internal/math/FloatingDecimal$ExceptionalBinaryToASCIIBuffer done
Event: 3.817 Loading class jdk/internal/math/FloatingDecimal$BinaryToASCIIBuffer
Event: 3.818 Loading class jdk/internal/math/FloatingDecimal$BinaryToASCIIBuffer done
Event: 3.818 Loading class jdk/internal/math/FloatingDecimal$1
Event: 3.818 Loading class jdk/internal/math/FloatingDecimal$1 done
Event: 3.819 Loading class jdk/internal/math/FloatingDecimal$PreparedASCIIToBinaryBuffer
Event: 3.819 Loading class jdk/internal/math/FloatingDecimal$ASCIIToBinaryConverter
Event: 3.819 Loading class jdk/internal/math/FloatingDecimal$ASCIIToBinaryConverter done
Event: 3.819 Loading class jdk/internal/math/FloatingDecimal$PreparedASCIIToBinaryBuffer done
Event: 3.820 Loading class jdk/internal/math/FloatingDecimal$ASCIIToBinaryBuffer
Event: 3.821 Loading class jdk/internal/math/FloatingDecimal$ASCIIToBinaryBuffer done

Classes unloaded (0 events):
No events

Classes redefined (0 events):
No events

Internal exceptions (16 events):
Event: 0.791 Thread 0x000001ce4b23d740 Exception <a 'java/lang/NoSuchMethodError'{0x00000000e7dbe018}: 'void java.lang.invoke.DirectMethodHandle$Holder.invokeSpecial(java.lang.Object, java.lang.Object, java.lang.Object)'> (0x00000000e7dbe018) 
thrown [s\open\src\hotspot\share\interpreter\linkResolver.cpp, line 773]
Event: 0.991 Thread 0x000001ce4b23d740 Exception <a 'java/lang/NoSuchMethodError'{0x00000000e7c3df80}: 'int java.lang.invoke.DirectMethodHandle$Holder.invokeVirtual(java.lang.Object, java.lang.Object, java.lang.Object)'> (0x00000000e7c3df80) 
thrown [s\open\src\hotspot\share\interpreter\linkResolver.cpp, line 773]
Event: 0.994 Thread 0x000001ce4b23d740 Exception <a 'java/lang/NoSuchMethodError'{0x00000000e7c43bd0}: 'void java.lang.invoke.DirectMethodHandle$Holder.invokeInterface(java.lang.Object, java.lang.Object, java.lang.Object)'> (0x00000000e7c43bd0) 
thrown [s\open\src\hotspot\share\interpreter\linkResolver.cpp, line 773]
Event: 1.006 Thread 0x000001ce4b23d740 Exception <a 'java/lang/NoSuchMethodError'{0x00000000e7c4e6e8}: 'int java.lang.invoke.DirectMethodHandle$Holder.invokeStaticInit(java.lang.Object, java.lang.Object, java.lang.Object)'> (0x00000000e7c4e6e8) 
thrown [s\open\src\hotspot\share\interpreter\linkResolver.cpp, line 773]
Event: 1.307 Thread 0x000001ce4b23d740 Exception <a 'java/lang/NoSuchMethodError'{0x00000000e771e2d8}: 'int java.lang.invoke.DirectMethodHandle$Holder.invokeSpecial(java.lang.Object, java.lang.Object, java.lang.Object)'> (0x00000000e771e2d8) 
thrown [s\open\src\hotspot\share\interpreter\linkResolver.cpp, line 773]
Event: 1.588 Thread 0x000001ce4b23d740 Exception <a 'java/lang/NoSuchMethodError'{0x00000000e724a418}: 'void java.lang.invoke.DirectMethodHandle$Holder.invokeStatic(java.lang.Object, java.lang.Object)'> (0x00000000e724a418) 
thrown [s\open\src\hotspot\share\interpreter\linkResolver.cpp, line 773]
Event: 1.592 Thread 0x000001ce4b23d740 Exception <a 'java/lang/NoSuchMethodError'{0x00000000e7254020}: 'void java.lang.invoke.DirectMethodHandle$Holder.invokeStatic(java.lang.Object, java.lang.Object, java.lang.Object)'> (0x00000000e7254020) 
thrown [s\open\src\hotspot\share\interpreter\linkResolver.cpp, line 773]
Event: 1.638 Thread 0x000001ce4b23d740 Exception <a 'java/lang/NoSuchMethodError'{0x00000000e72bd098}: 'java.lang.Object java.lang.invoke.DirectMethodHandle$Holder.invokeVirtual(java.lang.Object, java.lang.Object, java.lang.Object)'> (0x00000000e72bd098) 
thrown [s\open\src\hotspot\share\interpreter\linkResolver.cpp, line 773]
Event: 1.643 Thread 0x000001ce4b23d740 Exception <a 'java/lang/NoSuchMethodError'{0x00000000e72c6ae8}: 'int java.lang.invoke.DirectMethodHandle$Holder.invokeInterface(java.lang.Object, java.lang.Object)'> (0x00000000e72c6ae8) 
thrown [s\open\src\hotspot\share\interpreter\linkResolver.cpp, line 773]
Event: 2.740 Thread 0x000001ce4b23d740 Exception <a 'sun/nio/fs/WindowsException'{0x00000000e6ca9670}> (0x00000000e6ca9670) 
thrown [s\open\src\hotspot\share\prims\jni.cpp, line 520]
Event: 3.019 Thread 0x000001ce4b23d740 Exception <a 'java/lang/NoSuchMethodError'{0x00000000e6ba9400}: 'int java.lang.invoke.DirectMethodHandle$Holder.invokeStaticInit(java.lang.Object, java.lang.Object)'> (0x00000000e6ba9400) 
thrown [s\open\src\hotspot\share\interpreter\linkResolver.cpp, line 773]
Event: 3.288 Thread 0x000001ce4b23d740 Exception <a 'java/lang/NoSuchMethodError'{0x00000000e6a5c1b8}: 'int java.lang.invoke.DirectMethodHandle$Holder.invokeVirtual(java.lang.Object, java.lang.Object)'> (0x00000000e6a5c1b8) 
thrown [s\open\src\hotspot\share\interpreter\linkResolver.cpp, line 773]
Event: 3.304 Thread 0x000001ce4b23d740 Exception <a 'java/lang/NoSuchMethodError'{0x00000000e6a7d7e8}: 'java.lang.Object java.lang.invoke.DirectMethodHandle$Holder.newInvokeSpecial(java.lang.Object, java.lang.Object, java.lang.Object, java.lang.Object, java.lang.Object)'> (0x00000000e6a7d7e8) 
thrown [s\open\src\hotspot\share\interpreter\linkResolver.cpp, line 773]
Event: 3.313 Thread 0x000001ce4b23d740 Exception <a 'java/lang/NoSuchMethodError'{0x00000000e6a8a780}: 'java.lang.Object java.lang.invoke.DirectMethodHandle$Holder.newInvokeSpecial(java.lang.Object, java.lang.Object, java.lang.Object, java.lang.Object, java.lang.Object, java.lang.Object)'> (0x00000000e6a8a780) 
thrown [s\open\src\hotspot\share\interpreter\linkResolver.cpp, line 773]
Event: 3.378 Thread 0x000001ce4b23d740 Exception <a 'sun/nio/fs/WindowsException'{0x00000000e6ad22f8}> (0x00000000e6ad22f8) 
thrown [s\open\src\hotspot\share\prims\jni.cpp, line 520]
Event: 3.569 Thread 0x000001ce4b23d740 Exception <a 'java/lang/NoSuchMethodError'{0x00000000e69c77f0}: 'java.lang.Object java.lang.invoke.DirectMethodHandle$Holder.invokeInterface(java.lang.Object, java.lang.Object)'> (0x00000000e69c77f0) 
thrown [s\open\src\hotspot\share\interpreter\linkResolver.cpp, line 773]

ZGC Phase Switch (0 events):
No events

VM Operations (20 events):
Event: 1.061 Executing VM operation: HandshakeAllThreads (Deoptimize)
Event: 1.061 Executing VM operation: HandshakeAllThreads (Deoptimize) done
Event: 1.598 Executing VM operation: HandshakeAllThreads (Deoptimize)
Event: 1.598 Executing VM operation: HandshakeAllThreads (Deoptimize) done
Event: 1.598 Executing VM operation: Cleanup
Event: 1.598 Executing VM operation: Cleanup done
Event: 1.631 Executing VM operation: HandshakeAllThreads (Deoptimize)
Event: 1.631 Executing VM operation: HandshakeAllThreads (Deoptimize) done
Event: 1.657 Executing VM operation: HandshakeAllThreads (Deoptimize)
Event: 1.657 Executing VM operation: HandshakeAllThreads (Deoptimize) done
Event: 2.669 Executing VM operation: Cleanup
Event: 2.670 Executing VM operation: Cleanup done
Event: 3.576 Executing VM operation: HandshakeAllThreads (Deoptimize)
Event: 3.576 Executing VM operation: HandshakeAllThreads (Deoptimize) done
Event: 3.583 Executing VM operation: HandshakeAllThreads (Deoptimize)
Event: 3.583 Executing VM operation: HandshakeAllThreads (Deoptimize) done
Event: 3.633 Executing VM operation: G1CollectForAllocation (G1 Evacuation Pause)
Event: 3.664 Executing VM operation: G1CollectForAllocation (G1 Evacuation Pause) done
Event: 3.678 Executing VM operation: HandshakeAllThreads (Deoptimize)
Event: 3.678 Executing VM operation: HandshakeAllThreads (Deoptimize) done

Events (11 events):
Event: 0.304 Thread 0x000001ce4b23d740 Thread added: 0x000001ce4b23d740
Event: 0.377 Thread 0x000001ce684376f0 Thread added: 0x000001ce684376f0
Event: 0.377 Thread 0x000001ce68438ec0 Thread added: 0x000001ce68438ec0
Event: 0.380 Thread 0x000001ce6843c120 Thread added: 0x000001ce6843c120
Event: 0.380 Thread 0x000001ce6843ec90 Thread added: 0x000001ce6843ec90
Event: 0.380 Thread 0x000001ce68440260 Thread added: 0x000001ce68440260
Event: 0.381 Thread 0x000001ce684424d0 Thread added: 0x000001ce684424d0
Event: 0.381 Thread 0x000001ce68455840 Thread added: 0x000001ce68455840
Event: 0.382 Thread 0x000001ce68456f80 Thread added: 0x000001ce68456f80
Event: 0.519 Thread 0x000001ce686f52f0 Thread added: 0x000001ce686f52f0
Event: 0.702 Thread 0x000001ce687fcb60 Thread added: 0x000001ce687fcb60


Dynamic libraries:
0x00007ff64c8b0000 - 0x00007ff64c8b8000 	C:\Program Files\Java\jdk-21.0.10\bin\javac.exe
0x00007ffbbe260000 - 0x00007ffbbe4c7000 	C:\Windows\SYSTEM32\ntdll.dll
0x00007ffbbcae0000 - 0x00007ffbbcbaa000 	C:\Windows\System32\KERNEL32.DLL
0x00007ffbbbb80000 - 0x00007ffbbbf82000 	C:\Windows\System32\KERNELBASE.dll
0x00007ffbbb7a0000 - 0x00007ffbbb8ec000 	C:\Windows\System32\ucrtbase.dll
0x00007ffb720e0000 - 0x00007ffb720f9000 	C:\Program Files\Java\jdk-21.0.10\bin\jli.dll
0x00007ffb723d0000 - 0x00007ffb723ee000 	C:\Program Files\Java\jdk-21.0.10\bin\VCRUNTIME140.dll
0x00007ffbbcf20000 - 0x00007ffbbcfdc000 	C:\Windows\System32\ADVAPI32.dll
0x00007ffbbcc40000 - 0x00007ffbbcce9000 	C:\Windows\System32\msvcrt.dll
0x00007ffbbc920000 - 0x00007ffbbc9c9000 	C:\Windows\System32\sechost.dll
0x00007ffbbd450000 - 0x00007ffbbd568000 	C:\Windows\System32\RPCRT4.dll
0x00007ffbbc5a0000 - 0x00007ffbbc76f000 	C:\Windows\System32\USER32.dll
0x00007ffbbb770000 - 0x00007ffbbb797000 	C:\Windows\System32\win32u.dll
0x00007ffbbc780000 - 0x00007ffbbc7ab000 	C:\Windows\System32\GDI32.dll
0x00007ffbbb900000 - 0x00007ffbbba29000 	C:\Windows\System32\gdi32full.dll
0x00007ffbbb470000 - 0x00007ffbbb513000 	C:\Windows\System32\msvcp_win.dll
0x00007ffbaa4f0000 - 0x00007ffbaa4fb000 	C:\Windows\SYSTEM32\VERSION.dll
0x00007ffb9b2b0000 - 0x00007ffb9b540000 	C:\Windows\WinSxS\amd64_microsoft.windows.common-controls_6595b64144ccf1df_6.0.26100.9278_none_3e0d1ba8e3303201\COMCTL32.dll
0x00007ffbbcee0000 - 0x00007ffbbcf11000 	C:\Windows\System32\IMM32.DLL
0x00007ffb902b0000 - 0x00007ffb902bc000 	C:\Program Files\Java\jdk-21.0.10\bin\vcruntime140_1.dll
0x00007ffb675a0000 - 0x00007ffb6762d000 	C:\Program Files\Java\jdk-21.0.10\bin\msvcp140.dll
0x00007ffb33a30000 - 0x00007ffb34757000 	C:\Program Files\Java\jdk-21.0.10\bin\server\jvm.dll
0x00007ffbbcbb0000 - 0x00007ffbbcc30000 	C:\Windows\System32\WS2_32.dll
0x00007ffbbb2f0000 - 0x00007ffbbb34e000 	C:\Windows\SYSTEM32\POWRPROF.dll
0x00007ffbb3170000 - 0x00007ffbb31a6000 	C:\Windows\SYSTEM32\WINMM.dll
0x00007ffbbb2d0000 - 0x00007ffbbb2e5000 	C:\Windows\SYSTEM32\UMPDC.dll
0x00007ffbba140000 - 0x00007ffbba15b000 	C:\Windows\SYSTEM32\kernel.appcore.dll
0x00007ffb8dd60000 - 0x00007ffb8dd6a000 	C:\Program Files\Java\jdk-21.0.10\bin\jimage.dll
0x00007ffbb8bc0000 - 0x00007ffbb8e02000 	C:\Windows\SYSTEM32\DBGHELP.DLL
0x00007ffbbd6f0000 - 0x00007ffbbda74000 	C:\Windows\System32\combase.dll
0x00007ffbbbfc0000 - 0x00007ffbbc099000 	C:\Windows\System32\OLEAUT32.dll
0x00007ffb9a580000 - 0x00007ffb9a5bb000 	C:\Windows\SYSTEM32\dbgcore.DLL
0x00007ffbbbac0000 - 0x00007ffbbbb6c000 	C:\Windows\System32\bcryptPrimitives.dll
0x00007ffb720b0000 - 0x00007ffb720d1000 	C:\Program Files\Java\jdk-21.0.10\bin\java.dll
0x00007ffbbda80000 - 0x00007ffbbe218000 	C:\Windows\System32\SHELL32.dll
0x00007ffbb8ef0000 - 0x00007ffbb979e000 	C:\Windows\SYSTEM32\windows.storage.dll
0x00007ffbbc7c0000 - 0x00007ffbbc8bb000 	C:\Windows\System32\SHCORE.dll
0x00007ffbbc0a0000 - 0x00007ffbbc106000 	C:\Windows\System32\shlwapi.dll
0x00007ffbbb390000 - 0x00007ffbbb3b9000 	C:\Windows\SYSTEM32\profapi.dll
0x00007ffb5d840000 - 0x00007ffb5d917000 	C:\Program Files\Java\jdk-21.0.10\bin\jsvml.dll
0x00007ffb72090000 - 0x00007ffb720a1000 	C:\Program Files\Java\jdk-21.0.10\bin\net.dll
0x00007ffbb1b00000 - 0x00007ffbb1c2a000 	C:\Windows\SYSTEM32\WINHTTP.dll
0x00007ffbba700000 - 0x00007ffbba76c000 	C:\Windows\system32\mswsock.dll
0x00007ffb70ed0000 - 0x00007ffb70ee6000 	C:\Program Files\Java\jdk-21.0.10\bin\nio.dll
0x00007ffb70eb0000 - 0x00007ffb70ec8000 	C:\Program Files\Java\jdk-21.0.10\bin\zip.dll

dbghelp: loaded successfully - version: 4.0.5 - missing functions: none
symbol engine: initialized successfully - sym options: 0x614 - pdb path: .;C:\Program Files\Java\jdk-21.0.10\bin;C:\Windows\SYSTEM32;C:\Windows\WinSxS\amd64_microsoft.windows.common-controls_6595b64144ccf1df_6.0.26100.9278_none_3e0d1ba8e3303201;C:\Program Files\Java\jdk-21.0.10\bin\server

VM Arguments:
jvm_args: -Dapplication.home=C:\Program Files\Java\jdk-21.0.10 --add-modules=ALL-DEFAULT -Xms8m -Xmx512m -Xms128m -Djdk.module.main=jdk.compiler 
java_command: jdk.compiler/com.sun.tools.javac.Main @C:/Users/Shravani/AppData/Local/Temp/org.codehaus.plexus.compiler.javac.JavacCompiler8556548898981167401arguments
java_class_path (initial): <not set>
Launcher Type: SUN_STANDARD

[Global flags]
     intx CICompilerCount                          = 4                                         {product} {ergonomic}
     uint ConcGCThreads                            = 3                                         {product} {ergonomic}
     uint G1ConcRefinementThreads                  = 10                                        {product} {ergonomic}
   size_t G1HeapRegionSize                         = 1048576                                   {product} {ergonomic}
    uintx GCDrainStackTargetSize                   = 64                                        {product} {ergonomic}
   size_t InitialHeapSize                          = 134217728                                 {product} {command line}
   size_t MarkStackSize                            = 4194304                                   {product} {ergonomic}
   size_t MaxHeapSize                              = 536870912                                 {product} {command line}
   size_t MaxNewSize                               = 321912832                                 {product} {ergonomic}
   size_t MinHeapDeltaBytes                        = 1048576                                   {product} {ergonomic}
   size_t MinHeapSize                              = 134217728                                 {product} {command line}
    uintx NonNMethodCodeHeapSize                   = 5839372                                {pd product} {ergonomic}
    uintx NonProfiledCodeHeapSize                  = 122909434                              {pd product} {ergonomic}
    uintx ProfiledCodeHeapSize                     = 122909434                              {pd product} {ergonomic}
    uintx ReservedCodeCacheSize                    = 251658240                              {pd product} {ergonomic}
     bool SegmentedCodeCache                       = true                                      {product} {ergonomic}
   size_t SoftMaxHeapSize                          = 536870912                              {manageable} {ergonomic}
     bool UseCompressedOops                        = true                           {product lp64_product} {ergonomic}
     bool UseG1GC                                  = true                                      {product} {ergonomic}
     bool UseLargePagesIndividualAllocation        = false                                  {pd product} {ergonomic}

Logging:
Log output configuration:
 #0: stdout all=warning uptime,level,tags foldmultilines=false
 #1: stderr all=off uptime,level,tags foldmultilines=false

Environment Variables:
JAVA_HOME=C:\Program Files\Java\jdk-21.0.10
PATH=C:\Program Files\Common Files\Oracle\Java\javapath;E:\installation\Scripts\;C:\Program Files\Eclipse Adoptium\jdk-17.0.17.10-hotspot\bin;C:\Windows\system32;C:\Windows;C:\Windows\System32\Wbem;C:\Windows\System32\WindowsPowerShell\v1.0\;C:\Windows\System32\OpenSSH\;E:\installation\;E:\installation\Git\cmd;E:\installation\MongoDB\Server\8.0\bin;C:\Program Files\MongoDB\Server\8.2\bin;C:\Users\Shravani\Downloads\mongosh-2.6.0-win32-x64\mongosh-2.6.0-win32-x64\bin;C:\Program Files\Java\jdk-21.0.10;C:\java Program;C:\Program Files\MySQL\MySQL Server 9.2;C:\MySQL\MySQL Server 9.2\bin;C:\Program Files\apache-maven-3.9.16\bin;C:\Program Files\MySQL\MySQL Shell 8.0\bin\;C:\Users\Shravani\AppData\Local\Microsoft\WindowsApps;E:\installation\Microsoft VS Code\bin;C:\Users\Shravani\AppData\Roaming\npm;E:\installation\MongoDB\Server\8.0\bin;C:\Program Files\MongoDB\Server\8.2\bin;E:\installation\Antigravity\bin;C:\Program Files\MySQL\MySQL Server 9.2;C:\MySQL\MySQL Server 9.2\bin;
USERNAME=Shravani
OS=Windows_NT
PROCESSOR_IDENTIFIER=Intel64 Family 6 Model 154 Stepping 4, GenuineIntel
TMP=C:\Users\Shravani\AppData\Local\Temp
TEMP=C:\Users\Shravani\AppData\Local\Temp




Periodic native trim disabled

---------------  S Y S T E M  ---------------

OS:
 Windows 11 , 64 bit Build 26100 (10.0.26100.9278)
OS uptime: 1 days 9:07 hours

CPU: total 12 (initial active 12) (12 cores per cpu, 1 threads per core) family 6 model 154 stepping 4 microcode 0x437, cx8, cmov, fxsr, mmx, 3dnowpref, sse, sse2, sse3, ssse3, sse4.1, sse4.2, popcnt, lzcnt, tsc, tscinvbit, avx, avx2, aes, erms, clmul, bmi1, bmi2, adx, sha, fma, vzeroupper, clflush, clflushopt, clwb, serialize, rdtscp, rdpid, fsrm, f16c, pku, cet_ibt, cet_ss
Processor Information for processor 0
  Max Mhz: 1300, Current Mhz: 1300, Mhz Limit: 1300
Processor Information for processor 1
  Max Mhz: 1300, Current Mhz: 1300, Mhz Limit: 1300
Processor Information for processor 2
  Max Mhz: 1300, Current Mhz: 1300, Mhz Limit: 1300
Processor Information for processor 3
  Max Mhz: 1300, Current Mhz: 1300, Mhz Limit: 1300
Processor Information for processor 4
  Max Mhz: 1300, Current Mhz: 900, Mhz Limit: 897
Processor Information for processor 5
  Max Mhz: 1300, Current Mhz: 900, Mhz Limit: 897
Processor Information for processor 6
  Max Mhz: 1300, Current Mhz: 900, Mhz Limit: 897
Processor Information for processor 7
  Max Mhz: 1300, Current Mhz: 900, Mhz Limit: 897
Processor Information for processor 8
  Max Mhz: 1300, Current Mhz: 900, Mhz Limit: 897
Processor Information for processor 9
  Max Mhz: 1300, Current Mhz: 900, Mhz Limit: 897
Processor Information for processor 10
  Max Mhz: 1300, Current Mhz: 900, Mhz Limit: 897
Processor Information for processor 11
  Max Mhz: 1300, Current Mhz: 900, Mhz Limit: 897

Memory: 4k page, system-wide physical 3767M (46M free)
TotalPageFile size 15543M (AvailPageFile size 0M)
current process WorkingSet (physical memory assigned to process): 92M, peak: 97M
current process commit charge ("private bytes"): 236M, peak: 236M

vm_info: Java HotSpot(TM) 64-Bit Server VM (21.0.10+8-LTS-217) for windows-amd64 JRE (21.0.10+8-LTS-217), built on 2025-12-18T14:59:28Z by "mach5run" with MS VC++ 17.13 (VS2022)

END.
