#
# There is insufficient memory for the Java Runtime Environment to continue.
# Native memory allocation (malloc) failed to allocate 370416 bytes for Chunk::new
# Possible reasons:
#   The system is out of physical RAM or swap space
#   The process is running with CompressedOops enabled, and the Java Heap may be blocking the growth of the native heap
# Possible solutions:
#   Reduce memory load on the system
#   Increase physical memory or swap space
#   Check if swap backing store is full
#   Decrease Java heap size (-Xmx/-Xms)
#   Decrease number of Java threads
#   Decrease Java thread stack sizes (-Xss)
#   Set larger code cache with -XX:ReservedCodeCacheSize=
#   JVM is running with Unscaled Compressed Oops mode in which the Java heap is
#     placed in the first 4GB address space. The Java Heap base address is the
#     maximum limit for the native heap growth. Please use -XX:HeapBaseMinAddress
#     to set the Java Heap base and to place the Java Heap above 4GB virtual address.
# This output file may be truncated or incomplete.
#
#  Out of Memory Error (arena.cpp:168), pid=1992, tid=1356
#
# JRE version: Java(TM) SE Runtime Environment (21.0.10+8) (build 21.0.10+8-LTS-217)
# Java VM: Java HotSpot(TM) 64-Bit Server VM (21.0.10+8-LTS-217, mixed mode, sharing, tiered, compressed oops, compressed class ptrs, g1 gc, windows-amd64)
# No core dump will be written. Minidumps are not enabled by default on client versions of Windows
#

---------------  S U M M A R Y ------------

Command Line: --enable-native-access=ALL-UNNAMED -Dclassworlds.conf=C:\Program Files\apache-maven-3.9.16\bin\m2.conf -Dmaven.home=C:\Program Files\apache-maven-3.9.16 -Dlibrary.jansi.path=C:\Program Files\apache-maven-3.9.16\lib\jansi-native -Dmaven.multiModuleProjectDirectory=D:\Placement\Intership\coding-platform\backend\backend org.codehaus.plexus.classworlds.launcher.Launcher clean compile -X

Host: 12th Gen Intel(R) Core(TM) i5-1235U, 12 cores, 3G,  Windows 11 , 64 bit Build 26100 (10.0.26100.9278)
Time: Tue Sep  1 20:15:28 2026 India Standard Time elapsed time: 5.828187 seconds (0d 0h 0m 5s)

---------------  T H R E A D  ---------------

Current thread (0x000002997caa05c0):  JavaThread "C2 CompilerThread0" daemon [_thread_in_native, id=1356, stack(0x000000f9b3700000,0x000000f9b3800000) (1024K)]


Current CompileTask:
C2:   5828 3308   !   4       java.util.concurrent.ConcurrentHashMap::transfer (849 bytes)

Stack: [0x000000f9b3700000,0x000000f9b3800000]
Native frames: (J=compiled Java code, j=interpreted, Vv=VM code, C=native code)
V  [jvm.dll+0x6d0b59]
V  [jvm.dll+0x85fd56]
V  [jvm.dll+0x86224e]
V  [jvm.dll+0x862923]
V  [jvm.dll+0x282a16]
V  [jvm.dll+0xc662d]
V  [jvm.dll+0xc6b71]
V  [jvm.dll+0x3bbb21]
V  [jvm.dll+0x387fd2]
V  [jvm.dll+0x38741a]
V  [jvm.dll+0x24b370]
V  [jvm.dll+0x24a94f]
V  [jvm.dll+0x1cacfe]
V  [jvm.dll+0x25a629]
V  [jvm.dll+0x258bb5]
V  [jvm.dll+0x3f4da1]
V  [jvm.dll+0x80a83d]
V  [jvm.dll+0x6cf3fd]
C  [ucrtbase.dll+0x2cd30]
C  [KERNEL32.DLL+0x2ccb7]
C  [ntdll.dll+0xacaec]


---------------  P R O C E S S  ---------------

Threads class SMR info:
_java_thread_list=0x000002997d1bceb0, length=12, elements={
0x000002996dec3c20, 0x000002997ca8ecf0, 0x000002997ca8f950, 0x000002997ca96060,
0x000002997ca98ad0, 0x000002997ca99660, 0x000002997ca9a0c0, 0x000002997caa05c0,
0x000002997caafdc0, 0x000002997cd4bbb0, 0x000002997cd4ec00, 0x000002997db96f60
}

Java Threads: ( => current thread )
  0x000002996dec3c20 JavaThread "main"                              [_thread_in_Java, id=3364, stack(0x000000f9b2900000,0x000000f9b2a00000) (1024K)]
  0x000002997ca8ecf0 JavaThread "Reference Handler"          daemon [_thread_blocked, id=9792, stack(0x000000f9b3100000,0x000000f9b3200000) (1024K)]
  0x000002997ca8f950 JavaThread "Finalizer"                  daemon [_thread_blocked, id=19468, stack(0x000000f9b3200000,0x000000f9b3300000) (1024K)]
  0x000002997ca96060 JavaThread "Signal Dispatcher"          daemon [_thread_blocked, id=7420, stack(0x000000f9b3300000,0x000000f9b3400000) (1024K)]
  0x000002997ca98ad0 JavaThread "Attach Listener"            daemon [_thread_blocked, id=4064, stack(0x000000f9b3400000,0x000000f9b3500000) (1024K)]
  0x000002997ca99660 JavaThread "Service Thread"             daemon [_thread_blocked, id=12300, stack(0x000000f9b3500000,0x000000f9b3600000) (1024K)]
  0x000002997ca9a0c0 JavaThread "Monitor Deflation Thread"   daemon [_thread_blocked, id=19384, stack(0x000000f9b3600000,0x000000f9b3700000) (1024K)]
=>0x000002997caa05c0 JavaThread "C2 CompilerThread0"         daemon [_thread_in_native, id=1356, stack(0x000000f9b3700000,0x000000f9b3800000) (1024K)]
  0x000002997caafdc0 JavaThread "C1 CompilerThread0"         daemon [_thread_blocked, id=8876, stack(0x000000f9b3800000,0x000000f9b3900000) (1024K)]
  0x000002997cd4bbb0 JavaThread "Notification Thread"        daemon [_thread_blocked, id=3852, stack(0x000000f9b3900000,0x000000f9b3a00000) (1024K)]
  0x000002997cd4ec00 JavaThread "Common-Cleaner"             daemon [_thread_blocked, id=12972, stack(0x000000f9b3a00000,0x000000f9b3b00000) (1024K)]
  0x000002997db96f60 JavaThread "Thread-1"                   daemon [_thread_blocked, id=908, stack(0x000000f9b4300000,0x000000f9b4400000) (1024K)]
Total: 12

Other Threads:
  0x000002997ca74fd0 VMThread "VM Thread"                           [id=12508, stack(0x000000f9b3000000,0x000000f9b3100000) (1024K)]
  0x000002997ca67120 WatcherThread "VM Periodic Task Thread"        [id=4608, stack(0x000000f9b2f00000,0x000000f9b3000000) (1024K)]
  0x000002997021d390 WorkerThread "GC Thread#0"                     [id=15548, stack(0x000000f9b2a00000,0x000000f9b2b00000) (1024K)]
  0x000002997d797730 WorkerThread "GC Thread#1"                     [id=12388, stack(0x000000f9b3b00000,0x000000f9b3c00000) (1024K)]
  0x000002997d745640 WorkerThread "GC Thread#2"                     [id=17604, stack(0x000000f9b3c00000,0x000000f9b3d00000) (1024K)]
  0x000002997d7459f0 WorkerThread "GC Thread#3"                     [id=10108, stack(0x000000f9b3d00000,0x000000f9b3e00000) (1024K)]
  0x000002997d745da0 WorkerThread "GC Thread#4"                     [id=20092, stack(0x000000f9b3e00000,0x000000f9b3f00000) (1024K)]
  0x000002997d748570 WorkerThread "GC Thread#5"                     [id=10868, stack(0x000000f9b3f00000,0x000000f9b4000000) (1024K)]
  0x000002997d74ad30 WorkerThread "GC Thread#6"                     [id=16744, stack(0x000000f9b4000000,0x000000f9b4100000) (1024K)]
  0x000002997d7530f0 WorkerThread "GC Thread#7"                     [id=5728, stack(0x000000f9b4100000,0x000000f9b4200000) (1024K)]
  0x000002997dbd3320 WorkerThread "GC Thread#8"                     [id=14652, stack(0x000000f9b4200000,0x000000f9b4300000) (1024K)]
  0x000002997d87ebd0 WorkerThread "GC Thread#9"                     [id=7644, stack(0x000000f9b4400000,0x000000f9b4500000) (1024K)]
  0x00000299702273d0 ConcurrentGCThread "G1 Main Marker"            [id=13508, stack(0x000000f9b2b00000,0x000000f9b2c00000) (1024K)]
  0x0000029970228680 WorkerThread "G1 Conc#0"                       [id=13984, stack(0x000000f9b2c00000,0x000000f9b2d00000) (1024K)]
  0x000002997c9310a0 ConcurrentGCThread "G1 Refine#0"               [id=14656, stack(0x000000f9b2d00000,0x000000f9b2e00000) (1024K)]
  0x000002997c931ac0 ConcurrentGCThread "G1 Service"                [id=6820, stack(0x000000f9b2e00000,0x000000f9b2f00000) (1024K)]
Total: 16

Threads with active compile tasks:
C2 CompilerThread0     5895 3308   !   4       java.util.concurrent.ConcurrentHashMap::transfer (849 bytes)
Total: 1

VM state: not at safepoint (normal execution)

VM Mutex/Monitor currently owned by a thread: None

Heap address: 0x00000000c5200000, size: 942 MB, Compressed Oops mode: 32-bit

CDS archive(s) mapped at: [0x000002990f000000-0x000002990fc90000-0x000002990fc90000), size 13172736, SharedBaseAddress: 0x000002990f000000, ArchiveRelocationMode: 1.
Compressed class space mapped at: 0x0000029910000000-0x0000029950000000, reserved size: 1073741824
Narrow klass base: 0x000002990f000000, Narrow klass shift: 0, Narrow klass range: 0x100000000

GC Precious Log:
 CardTable entry size: 512
 Card Set container configuration: InlinePtr #cards 5 size 8 Array Of Cards #cards 12 size 40 Howl #buckets 4 coarsen threshold 1843 Howl Bitmap #cards 512 size 80 coarsen threshold 460 Card regions per heap region 1 cards per card region 2048
 CPUs: 12 total, 12 available
 Memory: 3767M
 Large Page Support: Disabled
 NUMA Support: Disabled
 Compressed Oops: Enabled (32-bit)
 Heap Region Size: 1M
 Heap Min Capacity: 8M
 Heap Initial Capacity: 60M
 Heap Max Capacity: 942M
 Pre-touch: Disabled
 Parallel Workers: 10
 Concurrent Workers: 3
 Concurrent Refinement Workers: 10
 Periodic GC: Disabled

Heap:
 garbage-first heap   total 61440K, used 24133K [0x00000000c5200000, 0x0000000100000000)
  region size 1024K, 21 young (21504K), 5 survivors (5120K)
 Metaspace       used 15231K, committed 15488K, reserved 1114112K
  class space    used 1783K, committed 1920K, reserved 1048576K

Heap Regions: E=young(eden), S=young(survivor), O=old, HS=humongous(starts), HC=humongous(continues), CS=collection set, F=free, TAMS=top-at-mark-start, PB=parsable bottom
|   0|0x00000000c5200000, 0x00000000c5300000, 0x00000000c5300000|100%| O|  |TAMS 0x00000000c5200000| PB 0x00000000c5200000| Untracked 
|   1|0x00000000c5300000, 0x00000000c5400000, 0x00000000c5400000|100%| O|  |TAMS 0x00000000c5300000| PB 0x00000000c5300000| Untracked 
|   2|0x00000000c5400000, 0x00000000c5500000, 0x00000000c5500000|100%| O|  |TAMS 0x00000000c5400000| PB 0x00000000c5400000| Untracked 
|   3|0x00000000c5500000, 0x00000000c55915a0, 0x00000000c5600000| 56%| O|  |TAMS 0x00000000c5500000| PB 0x00000000c5500000| Untracked 
|   4|0x00000000c5600000, 0x00000000c5600000, 0x00000000c5700000|  0%| F|  |TAMS 0x00000000c5600000| PB 0x00000000c5600000| Untracked 
|   5|0x00000000c5700000, 0x00000000c5700000, 0x00000000c5800000|  0%| F|  |TAMS 0x00000000c5700000| PB 0x00000000c5700000| Untracked 
|   6|0x00000000c5800000, 0x00000000c5800000, 0x00000000c5900000|  0%| F|  |TAMS 0x00000000c5800000| PB 0x00000000c5800000| Untracked 
|   7|0x00000000c5900000, 0x00000000c5900000, 0x00000000c5a00000|  0%| F|  |TAMS 0x00000000c5900000| PB 0x00000000c5900000| Untracked 
|   8|0x00000000c5a00000, 0x00000000c5a00000, 0x00000000c5b00000|  0%| F|  |TAMS 0x00000000c5a00000| PB 0x00000000c5a00000| Untracked 
|   9|0x00000000c5b00000, 0x00000000c5b00000, 0x00000000c5c00000|  0%| F|  |TAMS 0x00000000c5b00000| PB 0x00000000c5b00000| Untracked 
|  10|0x00000000c5c00000, 0x00000000c5c00000, 0x00000000c5d00000|  0%| F|  |TAMS 0x00000000c5c00000| PB 0x00000000c5c00000| Untracked 
|  11|0x00000000c5d00000, 0x00000000c5d00000, 0x00000000c5e00000|  0%| F|  |TAMS 0x00000000c5d00000| PB 0x00000000c5d00000| Untracked 
|  12|0x00000000c5e00000, 0x00000000c5e00000, 0x00000000c5f00000|  0%| F|  |TAMS 0x00000000c5e00000| PB 0x00000000c5e00000| Untracked 
|  13|0x00000000c5f00000, 0x00000000c5f00000, 0x00000000c6000000|  0%| F|  |TAMS 0x00000000c5f00000| PB 0x00000000c5f00000| Untracked 
|  14|0x00000000c6000000, 0x00000000c6000000, 0x00000000c6100000|  0%| F|  |TAMS 0x00000000c6000000| PB 0x00000000c6000000| Untracked 
|  15|0x00000000c6100000, 0x00000000c6100000, 0x00000000c6200000|  0%| F|  |TAMS 0x00000000c6100000| PB 0x00000000c6100000| Untracked 
|  16|0x00000000c6200000, 0x00000000c6200000, 0x00000000c6300000|  0%| F|  |TAMS 0x00000000c6200000| PB 0x00000000c6200000| Untracked 
|  17|0x00000000c6300000, 0x00000000c6300000, 0x00000000c6400000|  0%| F|  |TAMS 0x00000000c6300000| PB 0x00000000c6300000| Untracked 
|  18|0x00000000c6400000, 0x00000000c6400000, 0x00000000c6500000|  0%| F|  |TAMS 0x00000000c6400000| PB 0x00000000c6400000| Untracked 
|  19|0x00000000c6500000, 0x00000000c6600000, 0x00000000c6600000|100%| S|CS|TAMS 0x00000000c6500000| PB 0x00000000c6500000| Complete 
|  20|0x00000000c6600000, 0x00000000c6700000, 0x00000000c6700000|100%| S|CS|TAMS 0x00000000c6600000| PB 0x00000000c6600000| Complete 
|  21|0x00000000c6700000, 0x00000000c6800000, 0x00000000c6800000|100%| S|CS|TAMS 0x00000000c6700000| PB 0x00000000c6700000| Complete 
|  22|0x00000000c6800000, 0x00000000c6900000, 0x00000000c6900000|100%| S|CS|TAMS 0x00000000c6800000| PB 0x00000000c6800000| Complete 
|  23|0x00000000c6900000, 0x00000000c6a00000, 0x00000000c6a00000|100%| S|CS|TAMS 0x00000000c6900000| PB 0x00000000c6900000| Complete 
|  24|0x00000000c6a00000, 0x00000000c6a00000, 0x00000000c6b00000|  0%| F|  |TAMS 0x00000000c6a00000| PB 0x00000000c6a00000| Untracked 
|  25|0x00000000c6b00000, 0x00000000c6b00000, 0x00000000c6c00000|  0%| F|  |TAMS 0x00000000c6b00000| PB 0x00000000c6b00000| Untracked 
|  26|0x00000000c6c00000, 0x00000000c6c00000, 0x00000000c6d00000|  0%| F|  |TAMS 0x00000000c6c00000| PB 0x00000000c6c00000| Untracked 
|  27|0x00000000c6d00000, 0x00000000c6d00000, 0x00000000c6e00000|  0%| F|  |TAMS 0x00000000c6d00000| PB 0x00000000c6d00000| Untracked 
|  28|0x00000000c6e00000, 0x00000000c6e00000, 0x00000000c6f00000|  0%| F|  |TAMS 0x00000000c6e00000| PB 0x00000000c6e00000| Untracked 
|  29|0x00000000c6f00000, 0x00000000c6f00000, 0x00000000c7000000|  0%| F|  |TAMS 0x00000000c6f00000| PB 0x00000000c6f00000| Untracked 
|  30|0x00000000c7000000, 0x00000000c7000000, 0x00000000c7100000|  0%| F|  |TAMS 0x00000000c7000000| PB 0x00000000c7000000| Untracked 
|  31|0x00000000c7100000, 0x00000000c7100000, 0x00000000c7200000|  0%| F|  |TAMS 0x00000000c7100000| PB 0x00000000c7100000| Untracked 
|  32|0x00000000c7200000, 0x00000000c7200000, 0x00000000c7300000|  0%| F|  |TAMS 0x00000000c7200000| PB 0x00000000c7200000| Untracked 
|  33|0x00000000c7300000, 0x00000000c7300000, 0x00000000c7400000|  0%| F|  |TAMS 0x00000000c7300000| PB 0x00000000c7300000| Untracked 
|  34|0x00000000c7400000, 0x00000000c7400000, 0x00000000c7500000|  0%| F|  |TAMS 0x00000000c7400000| PB 0x00000000c7400000| Untracked 
|  35|0x00000000c7500000, 0x00000000c7500000, 0x00000000c7600000|  0%| F|  |TAMS 0x00000000c7500000| PB 0x00000000c7500000| Untracked 
|  36|0x00000000c7600000, 0x00000000c7600000, 0x00000000c7700000|  0%| F|  |TAMS 0x00000000c7600000| PB 0x00000000c7600000| Untracked 
|  37|0x00000000c7700000, 0x00000000c7700000, 0x00000000c7800000|  0%| F|  |TAMS 0x00000000c7700000| PB 0x00000000c7700000| Untracked 
|  38|0x00000000c7800000, 0x00000000c7800000, 0x00000000c7900000|  0%| F|  |TAMS 0x00000000c7800000| PB 0x00000000c7800000| Untracked 
|  39|0x00000000c7900000, 0x00000000c7900000, 0x00000000c7a00000|  0%| F|  |TAMS 0x00000000c7900000| PB 0x00000000c7900000| Untracked 
|  40|0x00000000c7a00000, 0x00000000c7a00000, 0x00000000c7b00000|  0%| F|  |TAMS 0x00000000c7a00000| PB 0x00000000c7a00000| Untracked 
|  41|0x00000000c7b00000, 0x00000000c7b00000, 0x00000000c7c00000|  0%| F|  |TAMS 0x00000000c7b00000| PB 0x00000000c7b00000| Untracked 
|  42|0x00000000c7c00000, 0x00000000c7c00000, 0x00000000c7d00000|  0%| F|  |TAMS 0x00000000c7c00000| PB 0x00000000c7c00000| Untracked 
|  43|0x00000000c7d00000, 0x00000000c7d00000, 0x00000000c7e00000|  0%| F|  |TAMS 0x00000000c7d00000| PB 0x00000000c7d00000| Untracked 
|  44|0x00000000c7e00000, 0x00000000c7e80000, 0x00000000c7f00000| 50%| E|  |TAMS 0x00000000c7e00000| PB 0x00000000c7e00000| Complete 
|  45|0x00000000c7f00000, 0x00000000c8000000, 0x00000000c8000000|100%| E|CS|TAMS 0x00000000c7f00000| PB 0x00000000c7f00000| Complete 
|  46|0x00000000c8000000, 0x00000000c8100000, 0x00000000c8100000|100%| E|CS|TAMS 0x00000000c8000000| PB 0x00000000c8000000| Complete 
|  47|0x00000000c8100000, 0x00000000c8200000, 0x00000000c8200000|100%| E|CS|TAMS 0x00000000c8100000| PB 0x00000000c8100000| Complete 
|  48|0x00000000c8200000, 0x00000000c8300000, 0x00000000c8300000|100%| E|CS|TAMS 0x00000000c8200000| PB 0x00000000c8200000| Complete 
|  49|0x00000000c8300000, 0x00000000c8400000, 0x00000000c8400000|100%| E|CS|TAMS 0x00000000c8300000| PB 0x00000000c8300000| Complete 
|  50|0x00000000c8400000, 0x00000000c8500000, 0x00000000c8500000|100%| E|CS|TAMS 0x00000000c8400000| PB 0x00000000c8400000| Complete 
|  51|0x00000000c8500000, 0x00000000c8600000, 0x00000000c8600000|100%| E|CS|TAMS 0x00000000c8500000| PB 0x00000000c8500000| Complete 
|  52|0x00000000c8600000, 0x00000000c8700000, 0x00000000c8700000|100%| E|CS|TAMS 0x00000000c8600000| PB 0x00000000c8600000| Complete 
|  53|0x00000000c8700000, 0x00000000c8800000, 0x00000000c8800000|100%| E|CS|TAMS 0x00000000c8700000| PB 0x00000000c8700000| Complete 
|  54|0x00000000c8800000, 0x00000000c8900000, 0x00000000c8900000|100%| E|CS|TAMS 0x00000000c8800000| PB 0x00000000c8800000| Complete 
|  55|0x00000000c8900000, 0x00000000c8a00000, 0x00000000c8a00000|100%| E|CS|TAMS 0x00000000c8900000| PB 0x00000000c8900000| Complete 
|  56|0x00000000c8a00000, 0x00000000c8b00000, 0x00000000c8b00000|100%| E|CS|TAMS 0x00000000c8a00000| PB 0x00000000c8a00000| Complete 
|  57|0x00000000c8b00000, 0x00000000c8c00000, 0x00000000c8c00000|100%| E|CS|TAMS 0x00000000c8b00000| PB 0x00000000c8b00000| Complete 
|  58|0x00000000c8c00000, 0x00000000c8d00000, 0x00000000c8d00000|100%| E|CS|TAMS 0x00000000c8c00000| PB 0x00000000c8c00000| Complete 
|  59|0x00000000c8d00000, 0x00000000c8e00000, 0x00000000c8e00000|100%| E|CS|TAMS 0x00000000c8d00000| PB 0x00000000c8d00000| Complete 

Card table byte_map: [0x0000029978dd0000,0x0000029978fb0000] _byte_map_base: 0x00000299787a7000

Marking Bits: (CMBitMap*) 0x000002997021daa0
 Bits: [0x0000029978fb0000, 0x0000029979e68000)

Polling page: 0x000002996f9b0000

Metaspace:

Usage:
  Non-class:     13.14 MB used.
      Class:      1.74 MB used.
       Both:     14.88 MB used.

Virtual space:
  Non-class space:       64.00 MB reserved,      13.25 MB ( 21%) committed,  1 nodes.
      Class space:        1.00 GB reserved,       1.88 MB ( <1%) committed,  1 nodes.
             Both:        1.06 GB reserved,      15.12 MB (  1%) committed. 

Chunk freelists:
   Non-Class:  2.19 MB
       Class:  13.98 MB
        Both:  16.17 MB

MaxMetaspaceSize: unlimited
CompressedClassSpaceSize: 1.00 GB
Initial GC threshold: 21.00 MB
Current GC threshold: 21.00 MB
CDS: on
 - commit_granule_bytes: 65536.
 - commit_granule_words: 8192.
 - virtual_space_node_default_size: 8388608.
 - enlarge_chunks_in_place: 1.
 - use_allocation_guard: 0.


Internal statistics:

num_allocs_failed_limit: 0.
num_arena_births: 132.
num_arena_deaths: 0.
num_vsnodes_births: 2.
num_vsnodes_deaths: 0.
num_space_committed: 242.
num_space_uncommitted: 0.
num_chunks_returned_to_freelist: 0.
num_chunks_taken_from_freelist: 651.
num_chunk_merges: 0.
num_chunk_splits: 449.
num_chunks_enlarged: 365.
num_inconsistent_stats: 0.

CodeHeap 'non-profiled nmethods': size=120000Kb used=1350Kb max_used=1350Kb free=118649Kb
 bounds [0x0000029907ad0000, 0x0000029907d40000, 0x000002990f000000]
CodeHeap 'profiled nmethods': size=120000Kb used=7041Kb max_used=7041Kb free=112958Kb
 bounds [0x0000029900000000, 0x00000299006f0000, 0x0000029907530000]
CodeHeap 'non-nmethods': size=5760Kb used=1386Kb max_used=1413Kb free=4373Kb
 bounds [0x0000029907530000, 0x00000299077a0000, 0x0000029907ad0000]
 total_blobs=3859 nmethods=3376 adapters=387
 compilation: enabled
              stopped_count=0, restarted_count=0
 full_count=0

Compilation events (20 events):
Event: 5.788 Thread 0x000002997caafdc0 3318       1       org.eclipse.sisu.wire.EntryMapAdapter::entrySet (5 bytes)
Event: 5.788 Thread 0x000002997caafdc0 nmethod 3318 0x0000029907c20010 code [0x0000029907c201a0, 0x0000029907c20268]
Event: 5.788 Thread 0x000002997caafdc0 3319   !   3       com.google.inject.internal.FailableCache$1::load (48 bytes)
Event: 5.789 Thread 0x000002997caafdc0 nmethod 3319 0x00000299006b8990 code [0x00000299006b8ba0, 0x00000299006b91e8]
Event: 5.792 Thread 0x000002997caafdc0 3320       3       com.google.inject.internal.MoreTypes$ParameterizedTypeImpl::<init> (208 bytes)
Event: 5.794 Thread 0x000002997caafdc0 nmethod 3320 0x00000299006b9410 code [0x00000299006b9840, 0x00000299006bb730]
Event: 5.794 Thread 0x000002997caafdc0 3321       3       java.util.StringTokenizer::scanToken (179 bytes)
Event: 5.796 Thread 0x000002997caafdc0 nmethod 3321 0x00000299006bc110 code [0x00000299006bc420, 0x00000299006bd6b8]
Event: 5.796 Thread 0x000002997caafdc0 3322       1       org.apache.maven.model.building.DefaultModelBuildingRequest::getModelCache (5 bytes)
Event: 5.796 Thread 0x000002997caafdc0 nmethod 3322 0x0000029907c20310 code [0x0000029907c204a0, 0x0000029907c20568]
Event: 5.796 Thread 0x000002997caafdc0 3323       1       org.apache.maven.repository.internal.DefaultModelCache$Key::hashCode (5 bytes)
Event: 5.797 Thread 0x000002997caafdc0 nmethod 3323 0x0000029907c20610 code [0x0000029907c207a0, 0x0000029907c20868]
Event: 5.797 Thread 0x000002997caafdc0 3325       1       org.apache.maven.model.building.DefaultModelBuildingResult::getProblems (5 bytes)
Event: 5.797 Thread 0x000002997caafdc0 nmethod 3325 0x0000029907c20910 code [0x0000029907c20aa0, 0x0000029907c20b68]
Event: 5.807 Thread 0x000002997caafdc0 3327   !   3       java.io.FileInputStream::read (32 bytes)
Event: 5.807 Thread 0x000002997caafdc0 nmethod 3327 0x00000299006bde10 code [0x00000299006bdfe0, 0x00000299006be208]
Event: 5.813 Thread 0x000002997caafdc0 3329       3       java.util.concurrent.ConcurrentHashMap::putAll (63 bytes)
Event: 5.813 Thread 0x000002997caafdc0 nmethod 3329 0x00000299006be390 code [0x00000299006be5e0, 0x00000299006beea8]
Event: 5.813 Thread 0x000002997caafdc0 3330   !   3       org.apache.maven.model.DependencyManagement::clone (137 bytes)
Event: 5.815 Thread 0x000002997caafdc0 nmethod 3330 0x00000299006bf110 code [0x00000299006bf480, 0x00000299006c09d0]

GC Heap History (6 events):
Event: 1.889 GC heap before
{Heap before GC invocations=0 (full 0):
 garbage-first heap   total 61440K, used 23552K [0x00000000c5200000, 0x0000000100000000)
  region size 1024K, 23 young (23552K), 0 survivors (0K)
 Metaspace       used 5710K, committed 5888K, reserved 1114112K
  class space    used 664K, committed 768K, reserved 1048576K
}
Event: 1.900 GC heap after
{Heap after GC invocations=1 (full 0):
 garbage-first heap   total 61440K, used 3672K [0x00000000c5200000, 0x0000000100000000)
  region size 1024K, 3 young (3072K), 3 survivors (3072K)
 Metaspace       used 5710K, committed 5888K, reserved 1114112K
  class space    used 664K, committed 768K, reserved 1048576K
}
Event: 3.037 GC heap before
{Heap before GC invocations=1 (full 0):
 garbage-first heap   total 61440K, used 32344K [0x00000000c5200000, 0x0000000100000000)
  region size 1024K, 31 young (31744K), 3 survivors (3072K)
 Metaspace       used 8803K, committed 8960K, reserved 1114112K
  class space    used 1024K, committed 1088K, reserved 1048576K
}
Event: 3.049 GC heap after
{Heap after GC invocations=2 (full 0):
 garbage-first heap   total 61440K, used 4951K [0x00000000c5200000, 0x0000000100000000)
  region size 1024K, 2 young (2048K), 2 survivors (2048K)
 Metaspace       used 8803K, committed 8960K, reserved 1114112K
  class space    used 1024K, committed 1088K, reserved 1048576K
}
Event: 4.901 GC heap before
{Heap before GC invocations=2 (full 0):
 garbage-first heap   total 61440K, used 39767K [0x00000000c5200000, 0x0000000100000000)
  region size 1024K, 36 young (36864K), 2 survivors (2048K)
 Metaspace       used 14741K, committed 14976K, reserved 1114112K
  class space    used 1757K, committed 1856K, reserved 1048576K
}
Event: 4.921 GC heap after
{Heap after GC invocations=3 (full 0):
 garbage-first heap   total 61440K, used 8773K [0x00000000c5200000, 0x0000000100000000)
  region size 1024K, 5 young (5120K), 5 survivors (5120K)
 Metaspace       used 14741K, committed 14976K, reserved 1114112K
  class space    used 1757K, committed 1856K, reserved 1048576K
}

Dll operation events (8 events):
Event: 0.018 Loaded shared library C:\Program Files\Java\jdk-21.0.10\bin\java.dll
Event: 0.146 Loaded shared library C:\Program Files\Java\jdk-21.0.10\bin\jsvml.dll
Event: 0.191 Loaded shared library C:\Program Files\Java\jdk-21.0.10\bin\net.dll
Event: 0.200 Loaded shared library C:\Program Files\Java\jdk-21.0.10\bin\nio.dll
Event: 0.210 Loaded shared library C:\Program Files\Java\jdk-21.0.10\bin\zip.dll
Event: 0.706 Loaded shared library C:\Program Files\Java\jdk-21.0.10\bin\jimage.dll
Event: 0.710 Loaded shared library C:\Program Files\apache-maven-3.9.16\lib\jansi-native\Windows\x86_64\jansi.dll
Event: 0.736 Loaded shared library C:\Program Files\Java\jdk-21.0.10\bin\verify.dll

Deoptimization events (20 events):
Event: 5.520 Thread 0x000002996dec3c20 Uncommon trap: trap_request=0xffffff45 fr.pc=0x0000029907c098bc relative=0x00000000000014dc
Event: 5.520 Thread 0x000002996dec3c20 Uncommon trap: reason=unstable_if action=reinterpret pc=0x0000029907c098bc method=org.codehaus.plexus.util.xml.pull.MXParser.nextImpl()I @ 978 c2
Event: 5.520 Thread 0x000002996dec3c20 DEOPT PACKING pc=0x0000029907c098bc sp=0x000000f9b29fe020
Event: 5.520 Thread 0x000002996dec3c20 DEOPT UNPACKING pc=0x00000299075846a2 sp=0x000000f9b29fdfc8 mode 2
Event: 5.520 Thread 0x000002996dec3c20 Uncommon trap: trap_request=0xffffff45 fr.pc=0x0000029907bcd6fc relative=0x000000000000005c
Event: 5.520 Thread 0x000002996dec3c20 Uncommon trap: reason=unstable_if action=reinterpret pc=0x0000029907bcd6fc method=org.codehaus.plexus.util.xml.pull.MXParser.isValidCodePoint(I)Z @ 3 c2
Event: 5.520 Thread 0x000002996dec3c20 DEOPT PACKING pc=0x0000029907bcd6fc sp=0x000000f9b29fdea0
Event: 5.520 Thread 0x000002996dec3c20 DEOPT UNPACKING pc=0x00000299075846a2 sp=0x000000f9b29fde30 mode 2
Event: 5.774 Thread 0x000002996dec3c20 Uncommon trap: trap_request=0xffffff45 fr.pc=0x0000029907bfe4b4 relative=0x0000000000000094
Event: 5.774 Thread 0x000002996dec3c20 Uncommon trap: reason=unstable_if action=reinterpret pc=0x0000029907bfe4b4 method=org.apache.maven.model.validation.DefaultModelValidator.isValidIdCharacter(C)Z @ 51 c2
Event: 5.774 Thread 0x000002996dec3c20 DEOPT PACKING pc=0x0000029907bfe4b4 sp=0x000000f9b29fe170
Event: 5.774 Thread 0x000002996dec3c20 DEOPT UNPACKING pc=0x00000299075846a2 sp=0x000000f9b29fe108 mode 2
Event: 5.783 Thread 0x000002996dec3c20 DEOPT PACKING pc=0x0000029900542062 sp=0x000000f9b29fddc0
Event: 5.784 Thread 0x000002996dec3c20 DEOPT UNPACKING pc=0x0000029907584e42 sp=0x000000f9b29fd2e8 mode 0
Event: 5.791 Thread 0x000002996dec3c20 Uncommon trap: trap_request=0xffffffbe fr.pc=0x0000029907bcb5c4 relative=0x0000000000000364
Event: 5.791 Thread 0x000002996dec3c20 Uncommon trap: reason=profile_predicate action=maybe_recompile pc=0x0000029907bcb5c4 method=com.google.inject.internal.aop.ImmutableStringTrie.nextPivotColumn([Ljava/lang/String;III)I @ 21 c2
Event: 5.791 Thread 0x000002996dec3c20 DEOPT PACKING pc=0x0000029907bcb5c4 sp=0x000000f9b29fc020
Event: 5.791 Thread 0x000002996dec3c20 DEOPT UNPACKING pc=0x00000299075846a2 sp=0x000000f9b29fbfb0 mode 2
Event: 5.814 Thread 0x000002996dec3c20 DEOPT PACKING pc=0x0000029900542062 sp=0x000000f9b29fd880
Event: 5.815 Thread 0x000002996dec3c20 DEOPT UNPACKING pc=0x0000029907584e42 sp=0x000000f9b29fcda8 mode 0

Classes loaded (20 events):
Event: 4.451 Loading class sun/nio/ch/FileKey
Event: 4.451 Loading class sun/nio/ch/FileKey done
Event: 4.452 Loading class sun/nio/ch/FileLockTable$FileLockReference
Event: 4.452 Loading class sun/nio/ch/FileLockTable$FileLockReference done
Event: 4.452 Loading class java/nio/channels/spi/AbstractInterruptibleChannel$1
Event: 4.453 Loading class sun/nio/ch/Interruptible
Event: 4.453 Loading class sun/nio/ch/Interruptible done
Event: 4.453 Loading class java/nio/channels/spi/AbstractInterruptibleChannel$1 done
Event: 4.454 Loading class java/util/AbstractMap$2
Event: 4.455 Loading class java/util/AbstractMap$2 done
Event: 4.455 Loading class java/util/AbstractMap$2$1
Event: 4.455 Loading class java/util/AbstractMap$2$1 done
Event: 4.617 Loading class java/util/StringTokenizer
Event: 4.617 Loading class java/util/StringTokenizer done
Event: 4.638 Loading class sun/invoke/util/ValueConversions$1
Event: 4.639 Loading class sun/invoke/util/ValueConversions$1 done
Event: 4.640 Loading class java/lang/invoke/BoundMethodHandle$Species_LI
Event: 4.640 Loading class java/lang/invoke/BoundMethodHandle$Species_LI done
Event: 4.722 Loading class java/util/stream/Streams$RangeIntSpliterator
Event: 4.722 Loading class java/util/stream/Streams$RangeIntSpliterator done

Classes unloaded (0 events):
No events

Classes redefined (0 events):
No events

Internal exceptions (20 events):
Event: 1.657 Thread 0x000002996dec3c20 Exception <a 'java/lang/NoSuchMethodError'{0x00000000c7c2fb70}: 'int java.lang.invoke.DirectMethodHandle$Holder.invokeSpecialIFC(java.lang.Object, java.lang.Object, java.lang.Object, java.lang.Object, java.lang.Object)'> (0x00000000c7c2fb70) 
thrown [s\open\src\hotspot\share\interpreter\linkResolver.cpp, line 773]
Event: 1.744 Thread 0x000002996dec3c20 Exception <a 'java/lang/NoSuchMethodError'{0x00000000c7be22b0}: 'java.lang.Object java.lang.invoke.DirectMethodHandle$Holder.newInvokeSpecial(java.lang.Object, java.lang.Object, java.lang.Object, java.lang.Object, java.lang.Object)'> (0x00000000c7be22b0) 
thrown [s\open\src\hotspot\share\interpreter\linkResolver.cpp, line 773]
Event: 1.803 Thread 0x000002996dec3c20 Exception <a 'java/lang/NoSuchMethodError'{0x00000000c7906200}: 'int java.lang.invoke.DirectMethodHandle$Holder.invokeStaticInit(java.lang.Object, java.lang.Object)'> (0x00000000c7906200) 
thrown [s\open\src\hotspot\share\interpreter\linkResolver.cpp, line 773]
Event: 1.817 Thread 0x000002996dec3c20 Exception <a 'java/lang/NoClassDefFoundError'{0x00000000c793f688}: javax/enterprise/inject/Typed> (0x00000000c793f688) 
thrown [s\open\src\hotspot\share\classfile\systemDictionary.cpp, line 301]
Event: 3.569 Thread 0x000002996dec3c20 Exception <a 'java/lang/NoSuchMethodError'{0x00000000c83e77c0}: 'void java.lang.invoke.DirectMethodHandle$Holder.invokeStaticInit(java.lang.Object, java.lang.Object, java.lang.Object)'> (0x00000000c83e77c0) 
thrown [s\open\src\hotspot\share\interpreter\linkResolver.cpp, line 773]
Event: 3.583 Thread 0x000002996dec3c20 Implicit null exception at 0x0000029907b8065a to 0x0000029907b80854
Event: 3.586 Thread 0x000002996dec3c20 Exception <a 'java/lang/NoSuchMethodError'{0x00000000c825baf8}: 'java.lang.Object java.lang.invoke.Invokers$Holder.invokeExact_MT(java.lang.Object, int, java.lang.Object)'> (0x00000000c825baf8) 
thrown [s\open\src\hotspot\share\interpreter\linkResolver.cpp, line 773]
Event: 3.907 Thread 0x000002996dec3c20 Exception <a 'java/lang/NoSuchMethodError'{0x00000000c7ad06d8}: 'void java.lang.invoke.Invokers$Holder.invokeExact_MT(java.lang.Object, java.lang.Object, java.lang.Object, java.lang.Object)'> (0x00000000c7ad06d8) 
thrown [s\open\src\hotspot\share\interpreter\linkResolver.cpp, line 773]
Event: 3.931 Thread 0x000002996dec3c20 Exception <a 'java/lang/NoClassDefFoundError'{0x00000000c796d3f8}: com/google/inject/servlet/ServletModuleTargetVisitor> (0x00000000c796d3f8) 
thrown [s\open\src\hotspot\share\classfile\systemDictionary.cpp, line 301]
Event: 4.120 Thread 0x000002996dec3c20 Exception <a 'java/lang/NoSuchMethodError'{0x00000000c760c5c8}: 'java.lang.Object java.lang.invoke.DirectMethodHandle$Holder.invokeStaticInit(java.lang.Object, int, int, int, int)'> (0x00000000c760c5c8) 
thrown [s\open\src\hotspot\share\interpreter\linkResolver.cpp, line 773]
Event: 4.367 Thread 0x000002996dec3c20 Implicit null exception at 0x0000029907b0ab24 to 0x0000029907b0b17c
Event: 4.367 Thread 0x000002996dec3c20 Implicit null exception at 0x0000029907b060a0 to 0x0000029907b066ec
Event: 4.474 Thread 0x000002996dec3c20 Exception <a 'java/lang/NoSuchMethodError'{0x00000000c72e9038}: 'void java.lang.invoke.DirectMethodHandle$Holder.invokeSpecial(java.lang.Object, java.lang.Object, java.lang.Object, java.lang.Object, java.lang.Object)'> (0x00000000c72e9038) 
thrown [s\open\src\hotspot\share\interpreter\linkResolver.cpp, line 773]
Event: 4.481 Thread 0x000002996dec3c20 Exception <a 'java/lang/NoSuchMethodError'{0x00000000c7103510}: 'void java.lang.invoke.DirectMethodHandle$Holder.invokeSpecial(java.lang.Object, java.lang.Object, java.lang.Object, java.lang.Object, java.lang.Object, java.lang.Object)'> (0x00000000c7103510) 
thrown [s\open\src\hotspot\share\interpreter\linkResolver.cpp, line 773]
Event: 4.524 Thread 0x000002996dec3c20 Exception <a 'java/lang/NoSuchMethodError'{0x00000000c7018080}: 'java.lang.Object java.lang.invoke.DirectMethodHandle$Holder.invokeVirtual(java.lang.Object, java.lang.Object, java.lang.Object)'> (0x00000000c7018080) 
thrown [s\open\src\hotspot\share\interpreter\linkResolver.cpp, line 773]
Event: 4.637 Thread 0x000002996dec3c20 Exception <a 'java/lang/NoSuchMethodError'{0x00000000c6fb1a98}: 'void java.lang.invoke.DirectMethodHandle$Holder.invokeVirtual(java.lang.Object, java.lang.Object, int)'> (0x00000000c6fb1a98) 
thrown [s\open\src\hotspot\share\interpreter\linkResolver.cpp, line 773]
Event: 4.639 Thread 0x000002996dec3c20 Exception <a 'java/lang/NoSuchMethodError'{0x00000000c6fb5c00}: 'int java.lang.invoke.DirectMethodHandle$Holder.invokeSpecial(java.lang.Object, java.lang.Object, java.lang.Object, int)'> (0x00000000c6fb5c00) 
thrown [s\open\src\hotspot\share\interpreter\linkResolver.cpp, line 773]
Event: 4.642 Thread 0x000002996dec3c20 Exception <a 'java/lang/NoSuchMethodError'{0x00000000c6fc82e8}: 'java.lang.Object java.lang.invoke.DirectMethodHandle$Holder.invokeStatic(java.lang.Object, java.lang.Object, java.lang.Object, java.lang.Object, int)'> (0x00000000c6fc82e8) 
thrown [s\open\src\hotspot\share\interpreter\linkResolver.cpp, line 773]
Event: 4.646 Thread 0x000002996dec3c20 Exception <a 'java/lang/NoSuchMethodError'{0x00000000c6fd00e8}: 'void java.lang.invoke.DirectMethodHandle$Holder.invokeSpecial(java.lang.Object, java.lang.Object, java.lang.Object, int)'> (0x00000000c6fd00e8) 
thrown [s\open\src\hotspot\share\interpreter\linkResolver.cpp, line 773]
Event: 4.646 Thread 0x000002996dec3c20 Exception <a 'java/lang/NoSuchMethodError'{0x00000000c6fd37b8}: 'void java.lang.invoke.DelegatingMethodHandle$Holder.reinvoke_L(java.lang.Object, java.lang.Object, int)'> (0x00000000c6fd37b8) 
thrown [s\open\src\hotspot\share\interpreter\linkResolver.cpp, line 773]

ZGC Phase Switch (0 events):
No events

VM Operations (20 events):
Event: 3.705 Executing VM operation: HandshakeAllThreads (Deoptimize)
Event: 3.705 Executing VM operation: HandshakeAllThreads (Deoptimize) done
Event: 3.716 Executing VM operation: ICBufferFull
Event: 3.716 Executing VM operation: ICBufferFull done
Event: 3.899 Executing VM operation: HandshakeAllThreads (Deoptimize)
Event: 3.899 Executing VM operation: HandshakeAllThreads (Deoptimize) done
Event: 4.029 Executing VM operation: HandshakeAllThreads (Deoptimize)
Event: 4.029 Executing VM operation: HandshakeAllThreads (Deoptimize) done
Event: 4.072 Executing VM operation: HandshakeAllThreads (Deoptimize)
Event: 4.072 Executing VM operation: HandshakeAllThreads (Deoptimize) done
Event: 4.144 Executing VM operation: HandshakeAllThreads (Deoptimize)
Event: 4.144 Executing VM operation: HandshakeAllThreads (Deoptimize) done
Event: 4.254 Executing VM operation: HandshakeAllThreads (Deoptimize)
Event: 4.254 Executing VM operation: HandshakeAllThreads (Deoptimize) done
Event: 4.256 Executing VM operation: HandshakeAllThreads (Deoptimize)
Event: 4.256 Executing VM operation: HandshakeAllThreads (Deoptimize) done
Event: 4.632 Executing VM operation: ICBufferFull
Event: 4.632 Executing VM operation: ICBufferFull done
Event: 4.901 Executing VM operation: G1CollectForAllocation (G1 Evacuation Pause)
Event: 4.921 Executing VM operation: G1CollectForAllocation (G1 Evacuation Pause) done

Events (14 events):
Event: 0.067 Thread 0x000002996dec3c20 Thread added: 0x000002996dec3c20
Event: 0.132 Thread 0x000002997ca8ecf0 Thread added: 0x000002997ca8ecf0
Event: 0.132 Thread 0x000002997ca8f950 Thread added: 0x000002997ca8f950
Event: 0.135 Thread 0x000002997ca96060 Thread added: 0x000002997ca96060
Event: 0.136 Thread 0x000002997ca98ad0 Thread added: 0x000002997ca98ad0
Event: 0.136 Thread 0x000002997ca99660 Thread added: 0x000002997ca99660
Event: 0.136 Thread 0x000002997ca9a0c0 Thread added: 0x000002997ca9a0c0
Event: 0.137 Thread 0x000002997caa05c0 Thread added: 0x000002997caa05c0
Event: 0.137 Thread 0x000002997caafdc0 Thread added: 0x000002997caafdc0
Event: 0.172 Thread 0x000002997cd4bbb0 Thread added: 0x000002997cd4bbb0
Event: 0.181 Thread 0x000002997cd4ec00 Thread added: 0x000002997cd4ec00
Event: 0.703 Thread 0x000002997d0640f0 Thread added: 0x000002997d0640f0
Event: 0.800 Thread 0x000002997d0640f0 Thread exited: 0x000002997d0640f0
Event: 4.180 Thread 0x000002997db96f60 Thread added: 0x000002997db96f60


Dynamic libraries:
0x00007ff725650000 - 0x00007ff725660000 	C:\Program Files\Java\jdk-21.0.10\bin\java.exe
0x00007ffbbe260000 - 0x00007ffbbe4c7000 	C:\Windows\SYSTEM32\ntdll.dll
0x00007ffbbcae0000 - 0x00007ffbbcbaa000 	C:\Windows\System32\KERNEL32.DLL
0x00007ffbbbb80000 - 0x00007ffbbbf82000 	C:\Windows\System32\KERNELBASE.dll
0x00007ffbbb7a0000 - 0x00007ffbbb8ec000 	C:\Windows\System32\ucrtbase.dll
0x00007ffba3a50000 - 0x00007ffba3a6e000 	C:\Program Files\Java\jdk-21.0.10\bin\VCRUNTIME140.dll
0x00007ffb90450000 - 0x00007ffb90469000 	C:\Program Files\Java\jdk-21.0.10\bin\jli.dll
0x00007ffbbcf20000 - 0x00007ffbbcfdc000 	C:\Windows\System32\ADVAPI32.dll
0x00007ffbbcc40000 - 0x00007ffbbcce9000 	C:\Windows\System32\msvcrt.dll
0x00007ffbbc920000 - 0x00007ffbbc9c9000 	C:\Windows\System32\sechost.dll
0x00007ffbbd450000 - 0x00007ffbbd568000 	C:\Windows\System32\RPCRT4.dll
0x00007ffbbc5a0000 - 0x00007ffbbc76f000 	C:\Windows\System32\USER32.dll
0x00007ffb9b2b0000 - 0x00007ffb9b540000 	C:\Windows\WinSxS\amd64_microsoft.windows.common-controls_6595b64144ccf1df_6.0.26100.9278_none_3e0d1ba8e3303201\COMCTL32.dll
0x00007ffbbb770000 - 0x00007ffbbb797000 	C:\Windows\System32\win32u.dll
0x00007ffbbc780000 - 0x00007ffbbc7ab000 	C:\Windows\System32\GDI32.dll
0x00007ffbaa4f0000 - 0x00007ffbaa4fb000 	C:\Windows\SYSTEM32\VERSION.dll
0x00007ffbbb900000 - 0x00007ffbbba29000 	C:\Windows\System32\gdi32full.dll
0x00007ffbbb470000 - 0x00007ffbbb513000 	C:\Windows\System32\msvcp_win.dll
0x00007ffbbcee0000 - 0x00007ffbbcf11000 	C:\Windows\System32\IMM32.DLL
0x00007ffbaa820000 - 0x00007ffbaa82c000 	C:\Program Files\Java\jdk-21.0.10\bin\vcruntime140_1.dll
0x00007ffb73fb0000 - 0x00007ffb7403d000 	C:\Program Files\Java\jdk-21.0.10\bin\msvcp140.dll
0x00007ffb5e7b0000 - 0x00007ffb5f4d7000 	C:\Program Files\Java\jdk-21.0.10\bin\server\jvm.dll
0x00007ffbbcbb0000 - 0x00007ffbbcc30000 	C:\Windows\System32\WS2_32.dll
0x00007ffbbb2f0000 - 0x00007ffbbb34e000 	C:\Windows\SYSTEM32\POWRPROF.dll
0x00007ffbb3170000 - 0x00007ffbb31a6000 	C:\Windows\SYSTEM32\WINMM.dll
0x00007ffbbb2d0000 - 0x00007ffbbb2e5000 	C:\Windows\SYSTEM32\UMPDC.dll
0x00007ffbba140000 - 0x00007ffbba15b000 	C:\Windows\SYSTEM32\kernel.appcore.dll
0x00007ffbaa0e0000 - 0x00007ffbaa0ea000 	C:\Program Files\Java\jdk-21.0.10\bin\jimage.dll
0x00007ffbb8bc0000 - 0x00007ffbb8e02000 	C:\Windows\SYSTEM32\DBGHELP.DLL
0x00007ffbbd6f0000 - 0x00007ffbbda74000 	C:\Windows\System32\combase.dll
0x00007ffbbbfc0000 - 0x00007ffbbc099000 	C:\Windows\System32\OLEAUT32.dll
0x00007ffb9a580000 - 0x00007ffb9a5bb000 	C:\Windows\SYSTEM32\dbgcore.DLL
0x00007ffbbbac0000 - 0x00007ffbbbb6c000 	C:\Windows\System32\bcryptPrimitives.dll
0x00007ffb90420000 - 0x00007ffb90441000 	C:\Program Files\Java\jdk-21.0.10\bin\java.dll
0x00007ffbbda80000 - 0x00007ffbbe218000 	C:\Windows\System32\SHELL32.dll
0x00007ffbb8ef0000 - 0x00007ffbb979e000 	C:\Windows\SYSTEM32\windows.storage.dll
0x00007ffbbc7c0000 - 0x00007ffbbc8bb000 	C:\Windows\System32\SHCORE.dll
0x00007ffbbc0a0000 - 0x00007ffbbc106000 	C:\Windows\System32\shlwapi.dll
0x00007ffbbb390000 - 0x00007ffbbb3b9000 	C:\Windows\SYSTEM32\profapi.dll
0x00007ffb72120000 - 0x00007ffb721f7000 	C:\Program Files\Java\jdk-21.0.10\bin\jsvml.dll
0x00007ffb90400000 - 0x00007ffb90411000 	C:\Program Files\Java\jdk-21.0.10\bin\net.dll
0x00007ffbb1b00000 - 0x00007ffbb1c2a000 	C:\Windows\SYSTEM32\WINHTTP.dll
0x00007ffbba700000 - 0x00007ffbba76c000 	C:\Windows\system32\mswsock.dll
0x00007ffb8fe60000 - 0x00007ffb8fe76000 	C:\Program Files\Java\jdk-21.0.10\bin\nio.dll
0x00007ffb8fe40000 - 0x00007ffb8fe58000 	C:\Program Files\Java\jdk-21.0.10\bin\zip.dll
0x00007ffb8b340000 - 0x00007ffb8b364000 	C:\Program Files\apache-maven-3.9.16\lib\jansi-native\Windows\x86_64\jansi.dll
0x00007ffba9f20000 - 0x00007ffba9f30000 	C:\Program Files\Java\jdk-21.0.10\bin\verify.dll

dbghelp: loaded successfully - version: 4.0.5 - missing functions: none
symbol engine: initialized successfully - sym options: 0x614 - pdb path: .;C:\Program Files\Java\jdk-21.0.10\bin;C:\Windows\SYSTEM32;C:\Windows\WinSxS\amd64_microsoft.windows.common-controls_6595b64144ccf1df_6.0.26100.9278_none_3e0d1ba8e3303201;C:\Program Files\Java\jdk-21.0.10\bin\server;C:\Program Files\apache-maven-3.9.16\lib\jansi-native\Windows\x86_64

VM Arguments:
jvm_args: --enable-native-access=ALL-UNNAMED -Dclassworlds.conf=C:\Program Files\apache-maven-3.9.16\bin\m2.conf -Dmaven.home=C:\Program Files\apache-maven-3.9.16 -Dlibrary.jansi.path=C:\Program Files\apache-maven-3.9.16\lib\jansi-native -Dmaven.multiModuleProjectDirectory=D:\Placement\Intership\coding-platform\backend\backend 
java_command: org.codehaus.plexus.classworlds.launcher.Launcher clean compile -X
java_class_path (initial): C:\Program Files\apache-maven-3.9.16\boot\plexus-classworlds-2.11.0.jar
Launcher Type: SUN_STANDARD

[Global flags]
     intx CICompilerCount                          = 4                                         {product} {ergonomic}
     uint ConcGCThreads                            = 3                                         {product} {ergonomic}
     uint G1ConcRefinementThreads                  = 10                                        {product} {ergonomic}
   size_t G1HeapRegionSize                         = 1048576                                   {product} {ergonomic}
    uintx GCDrainStackTargetSize                   = 64                                        {product} {ergonomic}
   size_t InitialHeapSize                          = 62914560                                  {product} {ergonomic}
   size_t MarkStackSize                            = 4194304                                   {product} {ergonomic}
   size_t MaxHeapSize                              = 987758592                                 {product} {ergonomic}
   size_t MaxNewSize                               = 592445440                                 {product} {ergonomic}
   size_t MinHeapDeltaBytes                        = 1048576                                   {product} {ergonomic}
   size_t MinHeapSize                              = 8388608                                   {product} {ergonomic}
    uintx NonNMethodCodeHeapSize                   = 5839372                                {pd product} {ergonomic}
    uintx NonProfiledCodeHeapSize                  = 122909434                              {pd product} {ergonomic}
    uintx ProfiledCodeHeapSize                     = 122909434                              {pd product} {ergonomic}
    uintx ReservedCodeCacheSize                    = 251658240                              {pd product} {ergonomic}
     bool SegmentedCodeCache                       = true                                      {product} {ergonomic}
   size_t SoftMaxHeapSize                          = 987758592                              {manageable} {ergonomic}
     bool UseCompressedOops                        = true                           {product lp64_product} {ergonomic}
     bool UseG1GC                                  = true                                      {product} {ergonomic}
     bool UseLargePagesIndividualAllocation        = false                                  {pd product} {ergonomic}

Logging:
Log output configuration:
 #0: stdout all=warning uptime,level,tags foldmultilines=false
 #1: stderr all=off uptime,level,tags foldmultilines=false

Environment Variables:
JAVA_HOME=C:\Program Files\Java\jdk-21.0.10
PATH=C:\Program Files\Common Files\Oracle\Java\javapath;E:\installation\Scripts\;C:\Program Files\Eclipse Adoptium\jdk-17.0.17.10-hotspot\bin;C:\Windows\system32;C:\Windows;C:\Windows\System32\Wbem;C:\Windows\System32\WindowsPowerShell\v1.0\;C:\Windows\System32\OpenSSH\;E:\installation\;E:\installation\Git\cmd;E:\installation\MongoDB\Server\8.0\bin;C:\Program Files\MongoDB\Server\8.2\bin;C:\Users\Shravani\Downloads\mongosh-2.6.0-win32-x64\mongosh-2.6.0-win32-x64\bin;C:\Program Files\Java\jdk-21.0.10;C:\java Program;C:\Program Files\MySQL\MySQL Server 9.2;C:\MySQL\MySQL Server 9.2\bin;C:\Program Files\apache-maven-3.9.16\bin;C:\Program Files\MySQL\MySQL Shell 8.0\bin\;C:\Users\Shravani\AppData\Local\Microsoft\WindowsApps;E:\installation\Microsoft VS Code\bin;C:\Users\Shravani\AppData\Roaming\npm;E:\installation\MongoDB\Server\8.0\bin;C:\Program Files\MongoDB\Server\8.2\bin;E:\installation\Antigravity\bin;C:\Program Files\MySQL\MySQL Server 9.2;C:\MySQL\MySQL Server 9.2\bin;
USERNAME=Shravani
OS=Windows_NT
PROCESSOR_IDENTIFIER=Intel64 Family 6 Model 154 Stepping 4, GenuineIntel
TMP=C:\Users\Shravani\AppData\Local\Temp
TEMP=C:\Users\Shravani\AppData\Local\Temp




Periodic native trim disabled

---------------  S Y S T E M  ---------------

OS:
 Windows 11 , 64 bit Build 26100 (10.0.26100.9278)
OS uptime: 1 days 9:02 hours

CPU: total 12 (initial active 12) (12 cores per cpu, 1 threads per core) family 6 model 154 stepping 4 microcode 0x437, cx8, cmov, fxsr, mmx, 3dnowpref, sse, sse2, sse3, ssse3, sse4.1, sse4.2, popcnt, lzcnt, tsc, tscinvbit, avx, avx2, aes, erms, clmul, bmi1, bmi2, adx, sha, fma, vzeroupper, clflush, clflushopt, clwb, serialize, rdtscp, rdpid, fsrm, f16c, pku, cet_ibt, cet_ss
Processor Information for processor 0
  Max Mhz: 1300, Current Mhz: 1300, Mhz Limit: 1300
Processor Information for processor 1
  Max Mhz: 1300, Current Mhz: 1300, Mhz Limit: 1300
Processor Information for processor 2
  Max Mhz: 1300, Current Mhz: 1300, Mhz Limit: 1300
Processor Information for processor 3
  Max Mhz: 1300, Current Mhz: 1300, Mhz Limit: 1300
Processor Information for processor 4
  Max Mhz: 1300, Current Mhz: 900, Mhz Limit: 897
Processor Information for processor 5
  Max Mhz: 1300, Current Mhz: 900, Mhz Limit: 897
Processor Information for processor 6
  Max Mhz: 1300, Current Mhz: 900, Mhz Limit: 897
Processor Information for processor 7
  Max Mhz: 1300, Current Mhz: 900, Mhz Limit: 897
Processor Information for processor 8
  Max Mhz: 1300, Current Mhz: 900, Mhz Limit: 897
Processor Information for processor 9
  Max Mhz: 1300, Current Mhz: 900, Mhz Limit: 897
Processor Information for processor 10
  Max Mhz: 1300, Current Mhz: 900, Mhz Limit: 897
Processor Information for processor 11
  Max Mhz: 1300, Current Mhz: 900, Mhz Limit: 897

Memory: 4k page, system-wide physical 3767M (95M free)
TotalPageFile size 15543M (AvailPageFile size 0M)
current process WorkingSet (physical memory assigned to process): 104M, peak: 104M
current process commit charge ("private bytes"): 176M, peak: 178M

vm_info: Java HotSpot(TM) 64-Bit Server VM (21.0.10+8-LTS-217) for windows-amd64 JRE (21.0.10+8-LTS-217), built on 2025-12-18T14:59:28Z by "mach5run" with MS VC++ 17.13 (VS2022)

END.
