#
# There is insufficient memory for the Java Runtime Environment to continue.
# Native memory allocation (mmap) failed to map 12582912 bytes for G1 virtual space
# Possible reasons:
#   The system is out of physical RAM or swap space
#   The process is running with CompressedOops enabled, and the Java Heap may be blocking the growth of the native heap
# Possible solutions:
#   Reduce memory load on the system
#   Increase physical memory or swap space
#   Check if swap backing store is full
#   Decrease Java heap size (-Xmx/-Xms)
#   Decrease number of Java threads
#   Decrease Java thread stack sizes (-Xss)
#   Set larger code cache with -XX:ReservedCodeCacheSize=
#   JVM is running with Unscaled Compressed Oops mode in which the Java heap is
#     placed in the first 4GB address space. The Java Heap base address is the
#     maximum limit for the native heap growth. Please use -XX:HeapBaseMinAddress
#     to set the Java Heap base and to place the Java Heap above 4GB virtual address.
# This output file may be truncated or incomplete.
#
#  Out of Memory Error (os_windows.cpp:3604), pid=12396, tid=16708
#
# JRE version: Java(TM) SE Runtime Environment (21.0.10+8) (build 21.0.10+8-LTS-217)
# Java VM: Java HotSpot(TM) 64-Bit Server VM (21.0.10+8-LTS-217, mixed mode, emulated-client, sharing, tiered, compressed oops, compressed class ptrs, g1 gc, windows-amd64)
# No core dump will be written. Minidumps are not enabled by default on client versions of Windows
#

---------------  S U M M A R Y ------------

Command Line: -XX:TieredStopAtLevel=1 com.codingplatform.CodingPlatformApplication

Host: 12th Gen Intel(R) Core(TM) i5-1235U, 12 cores, 3G,  Windows 11 , 64 bit Build 26100 (10.0.26100.9278)
Time: Wed Sep  2 21:58:31 2026 India Standard Time elapsed time: 1.877129 seconds (0d 0h 0m 1s)

---------------  T H R E A D  ---------------

Current thread (0x000001dd66a10de0):  VMThread "VM Thread"          [id=16708, stack(0x00000007ea100000,0x00000007ea200000) (1024K)]

Stack: [0x00000007ea100000,0x00000007ea200000]
Native frames: (J=compiled Java code, j=interpreted, Vv=VM code, C=native code)
V  [jvm.dll+0x6d0b59]
V  [jvm.dll+0x85fd56]
V  [jvm.dll+0x86224e]
V  [jvm.dll+0x862923]
V  [jvm.dll+0x282a16]
V  [jvm.dll+0x6cd405]
V  [jvm.dll+0x6c1f8a]
V  [jvm.dll+0x35bcc8]
V  [jvm.dll+0x363986]
V  [jvm.dll+0x3b4a3e]
V  [jvm.dll+0x3b4ce8]
V  [jvm.dll+0x32f98c]
V  [jvm.dll+0x32fa17]
V  [jvm.dll+0x373c9c]
V  [jvm.dll+0x372441]
V  [jvm.dll+0x32f0d1]
V  [jvm.dll+0x3329f6]
V  [jvm.dll+0x38663f]
V  [jvm.dll+0x86861f]
V  [jvm.dll+0x8699ac]
V  [jvm.dll+0x869ee1]
V  [jvm.dll+0x86a183]
V  [jvm.dll+0x80a83d]
V  [jvm.dll+0x6cf3fd]
C  [ucrtbase.dll+0x2cd30]
C  [KERNEL32.DLL+0x2ccb7]
C  [ntdll.dll+0xacaec]

VM_Operation (0x00000007e9afc470): CollectForMetadataAllocation, mode: safepoint, requested by thread 0x000001dd5523a620


---------------  P R O C E S S  ---------------

Threads class SMR info:
_java_thread_list=0x000001dd6bfc5e80, length=10, elements={
0x000001dd5523a620, 0x000001dd66a2ac40, 0x000001dd66a2b8a0, 0x000001dd66a32ed0,
0x000001dd66a34940, 0x000001dd66a354d0, 0x000001dd66a381a0, 0x000001dd66a3af70,
0x000001dd66c93400, 0x000001dd66cb9ab0
}

Java Threads: ( => current thread )
  0x000001dd5523a620 JavaThread "main"                              [_thread_blocked, id=9960, stack(0x00000007e9a00000,0x00000007e9b00000) (1024K)]
  0x000001dd66a2ac40 JavaThread "Reference Handler"          daemon [_thread_blocked, id=1936, stack(0x00000007ea200000,0x00000007ea300000) (1024K)]
  0x000001dd66a2b8a0 JavaThread "Finalizer"                  daemon [_thread_blocked, id=2708, stack(0x00000007ea300000,0x00000007ea400000) (1024K)]
  0x000001dd66a32ed0 JavaThread "Signal Dispatcher"          daemon [_thread_blocked, id=2780, stack(0x00000007ea400000,0x00000007ea500000) (1024K)]
  0x000001dd66a34940 JavaThread "Attach Listener"            daemon [_thread_blocked, id=15636, stack(0x00000007ea500000,0x00000007ea600000) (1024K)]
  0x000001dd66a354d0 JavaThread "Service Thread"             daemon [_thread_blocked, id=21764, stack(0x00000007ea600000,0x00000007ea700000) (1024K)]
  0x000001dd66a381a0 JavaThread "Monitor Deflation Thread"   daemon [_thread_blocked, id=18772, stack(0x00000007ea700000,0x00000007ea800000) (1024K)]
  0x000001dd66a3af70 JavaThread "C1 CompilerThread0"         daemon [_thread_blocked, id=13064, stack(0x00000007ea800000,0x00000007ea900000) (1024K)]
  0x000001dd66c93400 JavaThread "Notification Thread"        daemon [_thread_blocked, id=12372, stack(0x00000007ea900000,0x00000007eaa00000) (1024K)]
  0x000001dd66cb9ab0 JavaThread "Common-Cleaner"             daemon [_thread_blocked, id=22192, stack(0x00000007eaa00000,0x00000007eab00000) (1024K)]
Total: 10

Other Threads:
=>0x000001dd66a10de0 VMThread "VM Thread"                           [id=16708, stack(0x00000007ea100000,0x00000007ea200000) (1024K)]
  0x000001dd66a00840 WatcherThread "VM Periodic Task Thread"        [id=18412, stack(0x00000007ea000000,0x00000007ea100000) (1024K)]
  0x000001dd55628760 WorkerThread "GC Thread#0"                     [id=11308, stack(0x00000007e9b00000,0x00000007e9c00000) (1024K)]
  0x000001dd6b578780 WorkerThread "GC Thread#1"                     [id=7192, stack(0x00000007eab00000,0x00000007eac00000) (1024K)]
  0x000001dd6b5b6270 WorkerThread "GC Thread#2"                     [id=10236, stack(0x00000007eac00000,0x00000007ead00000) (1024K)]
  0x000001dd6b5b6620 WorkerThread "GC Thread#3"                     [id=15576, stack(0x00000007ead00000,0x00000007eae00000) (1024K)]
  0x000001dd6b5b69d0 WorkerThread "GC Thread#4"                     [id=15784, stack(0x00000007eae00000,0x00000007eaf00000) (1024K)]
  0x000001dd6b5b6d80 WorkerThread "GC Thread#5"                     [id=20180, stack(0x00000007eaf00000,0x00000007eb000000) (1024K)]
  0x000001dd6ba03940 WorkerThread "GC Thread#6"                     [id=15080, stack(0x00000007eb100000,0x00000007eb200000) (1024K)]
  0x000001dd6ba03cf0 WorkerThread "GC Thread#7"                     [id=12432, stack(0x00000007eb200000,0x00000007eb300000) (1024K)]
  0x000001dd6ba040a0 WorkerThread "GC Thread#8"                     [id=13636, stack(0x00000007eb300000,0x00000007eb400000) (1024K)]
  0x000001dd6bd90e20 WorkerThread "GC Thread#9"                     [id=12496, stack(0x00000007eb400000,0x00000007eb500000) (1024K)]
  0x000001dd55632120 ConcurrentGCThread "G1 Main Marker"            [id=13624, stack(0x00000007e9c00000,0x00000007e9d00000) (1024K)]
  0x000001dd55632d90 WorkerThread "G1 Conc#0"                       [id=4148, stack(0x00000007e9d00000,0x00000007e9e00000) (1024K)]
  0x000001dd556a3620 ConcurrentGCThread "G1 Refine#0"               [id=21364, stack(0x00000007e9e00000,0x00000007e9f00000) (1024K)]
  0x000001dd668e11a0 ConcurrentGCThread "G1 Service"                [id=9300, stack(0x00000007e9f00000,0x00000007ea000000) (1024K)]
Total: 16

Threads with active compile tasks:
Total: 0

VM state: at safepoint (normal execution)

VM Mutex/Monitor currently owned by a thread:  ([mutex/lock_event])
[0x00007ffb3b4f9f10] Threads_lock - owner thread: 0x000001dd66a10de0
[0x00007ffb3b4fa010] Heap_lock - owner thread: 0x000001dd5523a620

Heap address: 0x00000000c5200000, size: 942 MB, Compressed Oops mode: 32-bit

CDS archive(s) mapped at: [0x000001dd00000000-0x000001dd00c90000-0x000001dd00c90000), size 13172736, SharedBaseAddress: 0x000001dd00000000, ArchiveRelocationMode: 1.
Compressed class space mapped at: 0x000001dd01000000-0x000001dd41000000, reserved size: 1073741824
Narrow klass base: 0x000001dd00000000, Narrow klass shift: 0, Narrow klass range: 0x100000000

GC Precious Log:
 CardTable entry size: 512
 Card Set container configuration: InlinePtr #cards 5 size 8 Array Of Cards #cards 12 size 40 Howl #buckets 4 coarsen threshold 1843 Howl Bitmap #cards 512 size 80 coarsen threshold 460 Card regions per heap region 1 cards per card region 2048
 CPUs: 12 total, 12 available
 Memory: 3767M
 Large Page Support: Disabled
 NUMA Support: Disabled
 Compressed Oops: Enabled (32-bit)
 Heap Region Size: 1M
 Heap Min Capacity: 8M
 Heap Initial Capacity: 60M
 Heap Max Capacity: 942M
 Pre-touch: Disabled
 Parallel Workers: 10
 Concurrent Workers: 3
 Concurrent Refinement Workers: 10
 Periodic GC: Disabled

Heap:
 garbage-first heap   total 61440K, used 16552K [0x00000000c5200000, 0x0000000100000000)
  region size 1024K, 1 young (1024K), 1 survivors (1024K)
 Metaspace       used 21280K, committed 21504K, reserved 1114112K
  class space    used 2902K, committed 3008K, reserved 1048576K

Heap Regions: E=young(eden), S=young(survivor), O=old, HS=humongous(starts), HC=humongous(continues), CS=collection set, F=free, TAMS=top-at-mark-start, PB=parsable bottom
|   0|0x00000000c5200000, 0x00000000c5300000, 0x00000000c5300000|100%|HS|  |TAMS 0x00000000c5300000| PB 0x00000000c5200000| Complete 
|   1|0x00000000c5300000, 0x00000000c5400000, 0x00000000c5400000|100%| O|  |TAMS 0x00000000c5400000| PB 0x00000000c5300000| Untracked 
|   2|0x00000000c5400000, 0x00000000c5500000, 0x00000000c5500000|100%| O|  |TAMS 0x00000000c5500000| PB 0x00000000c5400000| Untracked 
|   3|0x00000000c5500000, 0x00000000c5600000, 0x00000000c5600000|100%| O|  |TAMS 0x00000000c5600000| PB 0x00000000c5500000| Untracked 
|   4|0x00000000c5600000, 0x00000000c5700000, 0x00000000c5700000|100%| O|  |TAMS 0x00000000c5700000| PB 0x00000000c5600000| Untracked 
|   5|0x00000000c5700000, 0x00000000c5800000, 0x00000000c5800000|100%| O|  |TAMS 0x00000000c5800000| PB 0x00000000c5700000| Untracked 
|   6|0x00000000c5800000, 0x00000000c5900000, 0x00000000c5900000|100%| O|  |TAMS 0x00000000c5900000| PB 0x00000000c5800000| Untracked 
|   7|0x00000000c5900000, 0x00000000c5a00000, 0x00000000c5a00000|100%| O|  |TAMS 0x00000000c5a00000| PB 0x00000000c5900000| Untracked 
|   8|0x00000000c5a00000, 0x00000000c5b00000, 0x00000000c5b00000|100%| O|  |TAMS 0x00000000c5b00000| PB 0x00000000c5a00000| Untracked 
|   9|0x00000000c5b00000, 0x00000000c5c00000, 0x00000000c5c00000|100%| O|  |TAMS 0x00000000c5c00000| PB 0x00000000c5b00000| Untracked 
|  10|0x00000000c5c00000, 0x00000000c5d00000, 0x00000000c5d00000|100%| O|  |TAMS 0x00000000c5c360c0| PB 0x00000000c5c00000| Untracked 
|  11|0x00000000c5d00000, 0x00000000c5e00000, 0x00000000c5e00000|100%| O|  |TAMS 0x00000000c5d00000| PB 0x00000000c5d00000| Untracked 
|  12|0x00000000c5e00000, 0x00000000c5f00000, 0x00000000c5f00000|100%| O|  |TAMS 0x00000000c5e00000| PB 0x00000000c5e00000| Untracked 
|  13|0x00000000c5f00000, 0x00000000c6000000, 0x00000000c6000000|100%| O|  |TAMS 0x00000000c5f00000| PB 0x00000000c5f00000| Untracked 
|  14|0x00000000c6000000, 0x00000000c6100000, 0x00000000c6100000|100%| O|  |TAMS 0x00000000c6000000| PB 0x00000000c6000000| Untracked 
|  15|0x00000000c6100000, 0x00000000c614ce30, 0x00000000c6200000| 30%| O|  |TAMS 0x00000000c6100000| PB 0x00000000c6100000| Untracked 
|  16|0x00000000c6200000, 0x00000000c6200000, 0x00000000c6300000|  0%| F|  |TAMS 0x00000000c6200000| PB 0x00000000c6200000| Untracked 
|  17|0x00000000c6300000, 0x00000000c6300000, 0x00000000c6400000|  0%| F|  |TAMS 0x00000000c6300000| PB 0x00000000c6300000| Untracked 
|  18|0x00000000c6400000, 0x00000000c6400000, 0x00000000c6500000|  0%| F|  |TAMS 0x00000000c6400000| PB 0x00000000c6400000| Untracked 
|  19|0x00000000c6500000, 0x00000000c6500000, 0x00000000c6600000|  0%| F|  |TAMS 0x00000000c6500000| PB 0x00000000c6500000| Untracked 
|  20|0x00000000c6600000, 0x00000000c6600000, 0x00000000c6700000|  0%| F|  |TAMS 0x00000000c6600000| PB 0x00000000c6600000| Untracked 
|  21|0x00000000c6700000, 0x00000000c6700000, 0x00000000c6800000|  0%| F|  |TAMS 0x00000000c6700000| PB 0x00000000c6700000| Untracked 
|  22|0x00000000c6800000, 0x00000000c6800000, 0x00000000c6900000|  0%| F|  |TAMS 0x00000000c6800000| PB 0x00000000c6800000| Untracked 
|  23|0x00000000c6900000, 0x00000000c6900000, 0x00000000c6a00000|  0%| F|  |TAMS 0x00000000c6900000| PB 0x00000000c6900000| Untracked 
|  24|0x00000000c6a00000, 0x00000000c6a00000, 0x00000000c6b00000|  0%| F|  |TAMS 0x00000000c6a00000| PB 0x00000000c6a00000| Untracked 
|  25|0x00000000c6b00000, 0x00000000c6b00000, 0x00000000c6c00000|  0%| F|  |TAMS 0x00000000c6b00000| PB 0x00000000c6b00000| Untracked 
|  26|0x00000000c6c00000, 0x00000000c6c00000, 0x00000000c6d00000|  0%| F|  |TAMS 0x00000000c6c00000| PB 0x00000000c6c00000| Untracked 
|  27|0x00000000c6d00000, 0x00000000c6d00000, 0x00000000c6e00000|  0%| F|  |TAMS 0x00000000c6d00000| PB 0x00000000c6d00000| Untracked 
|  28|0x00000000c6e00000, 0x00000000c6e00000, 0x00000000c6f00000|  0%| F|  |TAMS 0x00000000c6e00000| PB 0x00000000c6e00000| Untracked 
|  29|0x00000000c6f00000, 0x00000000c6f00000, 0x00000000c7000000|  0%| F|  |TAMS 0x00000000c6f00000| PB 0x00000000c6f00000| Untracked 
|  30|0x00000000c7000000, 0x00000000c7000000, 0x00000000c7100000|  0%| F|  |TAMS 0x00000000c7000000| PB 0x00000000c7000000| Untracked 
|  31|0x00000000c7100000, 0x00000000c7100000, 0x00000000c7200000|  0%| F|  |TAMS 0x00000000c7100000| PB 0x00000000c7100000| Untracked 
|  32|0x00000000c7200000, 0x00000000c7200000, 0x00000000c7300000|  0%| F|  |TAMS 0x00000000c7200000| PB 0x00000000c7200000| Untracked 
|  33|0x00000000c7300000, 0x00000000c7300000, 0x00000000c7400000|  0%| F|  |TAMS 0x00000000c7300000| PB 0x00000000c7300000| Untracked 
|  34|0x00000000c7400000, 0x00000000c7400000, 0x00000000c7500000|  0%| F|  |TAMS 0x00000000c7400000| PB 0x00000000c7400000| Untracked 
|  35|0x00000000c7500000, 0x00000000c7500000, 0x00000000c7600000|  0%| F|  |TAMS 0x00000000c7500000| PB 0x00000000c7500000| Untracked 
|  36|0x00000000c7600000, 0x00000000c7600000, 0x00000000c7700000|  0%| F|  |TAMS 0x00000000c7600000| PB 0x00000000c7600000| Untracked 
|  37|0x00000000c7700000, 0x00000000c7700000, 0x00000000c7800000|  0%| F|  |TAMS 0x00000000c7700000| PB 0x00000000c7700000| Untracked 
|  38|0x00000000c7800000, 0x00000000c7800000, 0x00000000c7900000|  0%| F|  |TAMS 0x00000000c7800000| PB 0x00000000c7800000| Untracked 
|  39|0x00000000c7900000, 0x00000000c7900000, 0x00000000c7a00000|  0%| F|  |TAMS 0x00000000c7900000| PB 0x00000000c7900000| Untracked 
|  40|0x00000000c7a00000, 0x00000000c7a00000, 0x00000000c7b00000|  0%| F|  |TAMS 0x00000000c7a00000| PB 0x00000000c7a00000| Untracked 
|  41|0x00000000c7b00000, 0x00000000c7b00000, 0x00000000c7c00000|  0%| F|  |TAMS 0x00000000c7b00000| PB 0x00000000c7b00000| Untracked 
|  42|0x00000000c7c00000, 0x00000000c7c00000, 0x00000000c7d00000|  0%| F|  |TAMS 0x00000000c7c00000| PB 0x00000000c7c00000| Untracked 
|  43|0x00000000c7d00000, 0x00000000c7d00000, 0x00000000c7e00000|  0%| F|  |TAMS 0x00000000c7d00000| PB 0x00000000c7d00000| Untracked 
|  44|0x00000000c7e00000, 0x00000000c7e00000, 0x00000000c7f00000|  0%| F|  |TAMS 0x00000000c7e00000| PB 0x00000000c7e00000| Untracked 
|  45|0x00000000c7f00000, 0x00000000c7f00000, 0x00000000c8000000|  0%| F|  |TAMS 0x00000000c7f00000| PB 0x00000000c7f00000| Untracked 
|  46|0x00000000c8000000, 0x00000000c8000000, 0x00000000c8100000|  0%| F|  |TAMS 0x00000000c8000000| PB 0x00000000c8000000| Untracked 
|  47|0x00000000c8100000, 0x00000000c8100000, 0x00000000c8200000|  0%| F|  |TAMS 0x00000000c8100000| PB 0x00000000c8100000| Untracked 
|  48|0x00000000c8200000, 0x00000000c8200000, 0x00000000c8300000|  0%| F|  |TAMS 0x00000000c8200000| PB 0x00000000c8200000| Untracked 
|  49|0x00000000c8300000, 0x00000000c8300000, 0x00000000c8400000|  0%| F|  |TAMS 0x00000000c8300000| PB 0x00000000c8300000| Untracked 
|  50|0x00000000c8400000, 0x00000000c8400000, 0x00000000c8500000|  0%| F|  |TAMS 0x00000000c8400000| PB 0x00000000c8400000| Untracked 
|  51|0x00000000c8500000, 0x00000000c8500000, 0x00000000c8600000|  0%| F|  |TAMS 0x00000000c8500000| PB 0x00000000c8500000| Untracked 
|  52|0x00000000c8600000, 0x00000000c8600000, 0x00000000c8700000|  0%| F|  |TAMS 0x00000000c8600000| PB 0x00000000c8600000| Untracked 
|  53|0x00000000c8700000, 0x00000000c8700000, 0x00000000c8800000|  0%| F|  |TAMS 0x00000000c8700000| PB 0x00000000c8700000| Untracked 
|  54|0x00000000c8800000, 0x00000000c8800000, 0x00000000c8900000|  0%| F|  |TAMS 0x00000000c8800000| PB 0x00000000c8800000| Untracked 
|  55|0x00000000c8900000, 0x00000000c8900000, 0x00000000c8a00000|  0%| F|  |TAMS 0x00000000c8900000| PB 0x00000000c8900000| Untracked 
|  56|0x00000000c8a00000, 0x00000000c8add510, 0x00000000c8b00000| 86%| S|CS|TAMS 0x00000000c8a00000| PB 0x00000000c8a00000| Complete 
|  57|0x00000000c8b00000, 0x00000000c8b00000, 0x00000000c8c00000|  0%| F|  |TAMS 0x00000000c8b00000| PB 0x00000000c8b00000| Untracked 
|  58|0x00000000c8c00000, 0x00000000c8c00000, 0x00000000c8d00000|  0%| F|  |TAMS 0x00000000c8c00000| PB 0x00000000c8c00000| Untracked 
|  59|0x00000000c8d00000, 0x00000000c8d00000, 0x00000000c8e00000|  0%| F|  |TAMS 0x00000000c8d00000| PB 0x00000000c8d00000| Untracked 

Card table byte_map: [0x000001dd62d50000,0x000001dd62f30000] _byte_map_base: 0x000001dd62727000

Marking Bits: (CMBitMap*) 0x000001dd5562a280
 Bits: [0x000001dd62f30000, 0x000001dd63de8000)

Polling page: 0x000001dd556b0000

Metaspace:

Usage:
  Non-class:     17.95 MB used.
      Class:      2.83 MB used.
       Both:     20.78 MB used.

Virtual space:
  Non-class space:       64.00 MB reserved,      18.06 MB ( 28%) committed,  1 nodes.
      Class space:        1.00 GB reserved,       2.94 MB ( <1%) committed,  1 nodes.
             Both:        1.06 GB reserved,      21.00 MB (  2%) committed. 

Chunk freelists:
   Non-Class:  13.50 MB
       Class:  13.08 MB
        Both:  26.58 MB

MaxMetaspaceSize: unlimited
CompressedClassSpaceSize: 1.00 GB
Initial GC threshold: 21.00 MB
Current GC threshold: 21.00 MB
CDS: on
 - commit_granule_bytes: 65536.
 - commit_granule_words: 8192.
 - virtual_space_node_default_size: 8388608.
 - enlarge_chunks_in_place: 1.
 - use_allocation_guard: 0.


Internal statistics:

num_allocs_failed_limit: 3.
num_arena_births: 286.
num_arena_deaths: 0.
num_vsnodes_births: 2.
num_vsnodes_deaths: 0.
num_space_committed: 336.
num_space_uncommitted: 0.
num_chunks_returned_to_freelist: 3.
num_chunks_taken_from_freelist: 1063.
num_chunk_merges: 3.
num_chunk_splits: 730.
num_chunks_enlarged: 541.
num_inconsistent_stats: 0.

CodeCache: size=49152Kb used=5845Kb max_used=5845Kb free=43306Kb
 bounds [0x000001dd5f060000, 0x000001dd5f620000, 0x000001dd62060000]
 total_blobs=3442 nmethods=2939 adapters=427
 compilation: enabled
              stopped_count=0, restarted_count=0
 full_count=0

Compilation events (20 events):
Event: 1.782 Thread 0x000001dd66a3af70 2930       1       java.lang.String::indexOfNonWhitespace (25 bytes)
Event: 1.782 Thread 0x000001dd66a3af70 nmethod 2930 0x000001dd5f612510 code [0x000001dd5f6126c0, 0x000001dd5f612810]
Event: 1.784 Thread 0x000001dd66a3af70 2931       1       org.springframework.beans.factory.support.AbstractBeanDefinition::setFactoryMethodName (6 bytes)
Event: 1.784 Thread 0x000001dd66a3af70 nmethod 2931 0x000001dd5f612890 code [0x000001dd5f612a20, 0x000001dd5f612b30]
Event: 1.784 Thread 0x000001dd66a3af70 2932       1       org.springframework.beans.factory.support.AbstractBeanDefinition::setDependencyCheck (6 bytes)
Event: 1.785 Thread 0x000001dd66a3af70 nmethod 2932 0x000001dd5f612b90 code [0x000001dd5f612d20, 0x000001dd5f612de8]
Event: 1.785 Thread 0x000001dd66a3af70 2933       1       org.springframework.beans.factory.support.AbstractBeanDefinition::setEnforceInitMethod (6 bytes)
Event: 1.785 Thread 0x000001dd66a3af70 nmethod 2933 0x000001dd5f612e90 code [0x000001dd5f613020, 0x000001dd5f6130f0]
Event: 1.785 Thread 0x000001dd66a3af70 2934       1       org.springframework.beans.factory.support.AbstractBeanDefinition::setEnforceDestroyMethod (6 bytes)
Event: 1.785 Thread 0x000001dd66a3af70 nmethod 2934 0x000001dd5f613190 code [0x000001dd5f613320, 0x000001dd5f6133f0]
Event: 1.785 Thread 0x000001dd66a3af70 2935       1       org.springframework.core.annotation.TypeMappedAnnotation$$Lambda/0x000001dd0108ab30::extract (6 bytes)
Event: 1.785 Thread 0x000001dd66a3af70 nmethod 2935 0x000001dd5f613490 code [0x000001dd5f613640, 0x000001dd5f613728]
Event: 1.786 Thread 0x000001dd66a3af70 2937       1       sun.reflect.annotation.AnnotationParser::parseAnnotations2 (135 bytes)
Event: 1.788 Thread 0x000001dd66a3af70 nmethod 2937 0x000001dd5f613790 code [0x000001dd5f613a80, 0x000001dd5f614488]
Event: 1.788 Thread 0x000001dd66a3af70 2936       1       org.springframework.beans.factory.support.AbstractBeanDefinition::setLenientConstructorResolution (6 bytes)
Event: 1.788 Thread 0x000001dd66a3af70 nmethod 2936 0x000001dd5f614c10 code [0x000001dd5f614da0, 0x000001dd5f614e70]
Event: 1.789 Thread 0x000001dd66a3af70 2938       1       org.springframework.beans.factory.support.DefaultListableBeanFactory::isConfigurationFrozen (5 bytes)
Event: 1.789 Thread 0x000001dd66a3af70 nmethod 2938 0x000001dd5f614f10 code [0x000001dd5f6150a0, 0x000001dd5f615170]
Event: 1.791 Thread 0x000001dd66a3af70 2939       1       org.springframework.beans.factory.support.AbstractBeanDefinition::setFactoryBeanName (6 bytes)
Event: 1.792 Thread 0x000001dd66a3af70 nmethod 2939 0x000001dd5f615210 code [0x000001dd5f6153a0, 0x000001dd5f6154b0]

GC Heap History (9 events):
Event: 0.611 GC heap before
{Heap before GC invocations=0 (full 0):
 garbage-first heap   total 61440K, used 23552K [0x00000000c5200000, 0x0000000100000000)
  region size 1024K, 23 young (23552K), 0 survivors (0K)
 Metaspace       used 5718K, committed 5888K, reserved 1114112K
  class space    used 757K, committed 832K, reserved 1048576K
}
Event: 0.618 GC heap after
{Heap after GC invocations=1 (full 0):
 garbage-first heap   total 61440K, used 7608K [0x00000000c5200000, 0x0000000100000000)
  region size 1024K, 3 young (3072K), 3 survivors (3072K)
 Metaspace       used 5718K, committed 5888K, reserved 1114112K
  class space    used 757K, committed 832K, reserved 1048576K
}
Event: 1.053 GC heap before
{Heap before GC invocations=1 (full 0):
 garbage-first heap   total 61440K, used 31160K [0x00000000c5200000, 0x0000000100000000)
  region size 1024K, 27 young (27648K), 3 survivors (3072K)
 Metaspace       used 11367K, committed 11648K, reserved 1114112K
  class space    used 1664K, committed 1792K, reserved 1048576K
}
Event: 1.058 GC heap after
{Heap after GC invocations=2 (full 0):
 garbage-first heap   total 61440K, used 9844K [0x00000000c5200000, 0x0000000100000000)
  region size 1024K, 2 young (2048K), 2 survivors (2048K)
 Metaspace       used 11367K, committed 11648K, reserved 1114112K
  class space    used 1664K, committed 1792K, reserved 1048576K
}
Event: 1.334 GC heap before
{Heap before GC invocations=2 (full 0):
 garbage-first heap   total 61440K, used 38516K [0x00000000c5200000, 0x0000000100000000)
  region size 1024K, 31 young (31744K), 2 survivors (2048K)
 Metaspace       used 16971K, committed 17280K, reserved 1114112K
  class space    used 2298K, committed 2432K, reserved 1048576K
}
Event: 1.338 GC heap after
{Heap after GC invocations=3 (full 0):
 garbage-first heap   total 61440K, used 12638K [0x00000000c5200000, 0x0000000100000000)
  region size 1024K, 4 young (4096K), 4 survivors (4096K)
 Metaspace       used 16971K, committed 17280K, reserved 1114112K
  class space    used 2298K, committed 2432K, reserved 1048576K
}
Event: 1.728 GC heap before
{Heap before GC invocations=3 (full 0):
 garbage-first heap   total 61440K, used 44382K [0x00000000c5200000, 0x0000000100000000)
  region size 1024K, 35 young (35840K), 4 survivors (4096K)
 Metaspace       used 20927K, committed 21184K, reserved 1114112K
  class space    used 2853K, committed 2944K, reserved 1048576K
}
Event: 1.743 GC heap after
{Heap after GC invocations=4 (full 0):
 garbage-first heap   total 61440K, used 15576K [0x00000000c5200000, 0x0000000100000000)
  region size 1024K, 5 young (5120K), 5 survivors (5120K)
 Metaspace       used 20927K, committed 21184K, reserved 1114112K
  class space    used 2853K, committed 2944K, reserved 1048576K
}
Event: 1.793 GC heap before
{Heap before GC invocations=4 (full 0):
 garbage-first heap   total 61440K, used 17624K [0x00000000c5200000, 0x0000000100000000)
  region size 1024K, 8 young (8192K), 5 survivors (5120K)
 Metaspace       used 21280K, committed 21504K, reserved 1114112K
  class space    used 2902K, committed 3008K, reserved 1048576K
}

Dll operation events (6 events):
Event: 0.007 Loaded shared library C:\Program Files\Java\jdk-21.0.10\bin\java.dll
Event: 0.083 Loaded shared library C:\Program Files\Java\jdk-21.0.10\bin\net.dll
Event: 0.085 Loaded shared library C:\Program Files\Java\jdk-21.0.10\bin\nio.dll
Event: 0.089 Loaded shared library C:\Program Files\Java\jdk-21.0.10\bin\zip.dll
Event: 0.199 Loaded shared library C:\Program Files\Java\jdk-21.0.10\bin\jimage.dll
Event: 1.521 Loaded shared library C:\Program Files\Java\jdk-21.0.10\bin\sunmscapi.dll

Deoptimization events (0 events):
No events

Classes loaded (20 events):
Event: 1.544 Loading class java/security/PrivilegedActionException
Event: 1.545 Loading class java/security/PrivilegedActionException done
Event: 1.545 Loading class javax/security/auth/login/FailedLoginException
Event: 1.545 Loading class javax/security/auth/login/FailedLoginException done
Event: 1.545 Loading class javax/security/auth/Subject
Event: 1.546 Loading class javax/security/auth/Subject done
Event: 1.546 Loading class javax/security/auth/callback/CallbackHandler
Event: 1.546 Loading class javax/security/auth/callback/CallbackHandler done
Event: 1.546 Loading class java/beans/PropertyVetoException
Event: 1.547 Loading class java/beans/PropertyVetoException done
Event: 1.548 Loading class sun/security/provider/certpath/ldap/JdkLDAP
Event: 1.548 Loading class sun/security/provider/certpath/ldap/JdkLDAP done
Event: 1.548 Loading class sun/security/provider/certpath/ldap/JdkLDAP$ProviderService
Event: 1.548 Loading class sun/security/provider/certpath/ldap/JdkLDAP$ProviderService done
Event: 1.549 Loading class com/sun/security/sasl/Provider
Event: 1.549 Loading class com/sun/security/sasl/Provider done
Event: 1.549 Loading class com/sun/security/sasl/Provider$1
Event: 1.549 Loading class com/sun/security/sasl/Provider$1 done
Event: 1.549 Loading class com/sun/security/sasl/Provider$ProviderService
Event: 1.549 Loading class com/sun/security/sasl/Provider$ProviderService done

Classes unloaded (0 events):
No events

Classes redefined (0 events):
No events

Internal exceptions (20 events):
Event: 0.741 Thread 0x000001dd5523a620 Exception <a 'java/lang/NoSuchMethodError'{0x00000000c88b4448}: 'void java.lang.invoke.DirectMethodHandle$Holder.invokeStaticInit(java.lang.Object, java.lang.Object, java.lang.Object)'> (0x00000000c88b4448) 
thrown [s\open\src\hotspot\share\interpreter\linkResolver.cpp, line 773]
Event: 0.746 Thread 0x000001dd5523a620 Exception <a 'java/lang/NoSuchMethodError'{0x00000000c88fa9a0}: 'java.lang.Object java.lang.invoke.DirectMethodHandle$Holder.invokeVirtual(java.lang.Object, java.lang.Object, java.lang.Object)'> (0x00000000c88fa9a0) 
thrown [s\open\src\hotspot\share\interpreter\linkResolver.cpp, line 773]
Event: 0.750 Thread 0x000001dd5523a620 Exception <a 'java/lang/NoSuchMethodError'{0x00000000c871c2a0}: 'java.lang.Object java.lang.invoke.DirectMethodHandle$Holder.invokeStatic(java.lang.Object, long, java.lang.Object)'> (0x00000000c871c2a0) 
thrown [s\open\src\hotspot\share\interpreter\linkResolver.cpp, line 773]
Event: 0.750 Thread 0x000001dd5523a620 Exception <a 'java/lang/NoSuchMethodError'{0x00000000c871f908}: 'java.lang.Object java.lang.invoke.DirectMethodHandle$Holder.invokeStaticInit(java.lang.Object, long, java.lang.Object)'> (0x00000000c871f908) 
thrown [s\open\src\hotspot\share\interpreter\linkResolver.cpp, line 773]
Event: 0.750 Thread 0x000001dd5523a620 Exception <a 'java/lang/NoSuchMethodError'{0x00000000c8725108}: 'java.lang.Object java.lang.invoke.DirectMethodHandle$Holder.newInvokeSpecial(java.lang.Object, long)'> (0x00000000c8725108) 
thrown [s\open\src\hotspot\share\interpreter\linkResolver.cpp, line 773]
Event: 0.764 Thread 0x000001dd5523a620 Exception <a 'java/lang/NoSuchMethodError'{0x00000000c877c4f8}: 'void java.lang.invoke.DirectMethodHandle$Holder.invokeVirtual(java.lang.Object, java.lang.Object, java.lang.Object, java.lang.Object)'> (0x00000000c877c4f8) 
thrown [s\open\src\hotspot\share\interpreter\linkResolver.cpp, line 773]
Event: 0.790 Thread 0x000001dd5523a620 Exception <a 'java/lang/NoSuchMethodError'{0x00000000c86a7c80}: 'void java.lang.invoke.DirectMethodHandle$Holder.invokeSpecial(java.lang.Object, java.lang.Object, java.lang.Object)'> (0x00000000c86a7c80) 
thrown [s\open\src\hotspot\share\interpreter\linkResolver.cpp, line 773]
Event: 0.823 Thread 0x000001dd5523a620 Exception <a 'java/lang/IncompatibleClassChangeError'{0x00000000c85a1810}: Found class java.lang.Object, but interface was expected> (0x00000000c85a1810) 
thrown [s\open\src\hotspot\share\interpreter\linkResolver.cpp, line 840]
Event: 0.834 Thread 0x000001dd5523a620 Exception <a 'java/lang/NoSuchMethodError'{0x00000000c85b7b28}: 'java.lang.Object java.lang.invoke.DirectMethodHandle$Holder.invokeStaticInit(java.lang.Object, int)'> (0x00000000c85b7b28) 
thrown [s\open\src\hotspot\share\interpreter\linkResolver.cpp, line 773]
Event: 0.837 Thread 0x000001dd5523a620 Exception <a 'java/lang/NoSuchMethodError'{0x00000000c85c1c80}: 'java.lang.Object java.lang.invoke.DirectMethodHandle$Holder.invokeStatic(java.lang.Object, int, java.lang.Object)'> (0x00000000c85c1c80) 
thrown [s\open\src\hotspot\share\interpreter\linkResolver.cpp, line 773]
Event: 0.837 Thread 0x000001dd5523a620 Exception <a 'java/lang/NoSuchMethodError'{0x00000000c85c52e0}: 'java.lang.Object java.lang.invoke.DirectMethodHandle$Holder.invokeStaticInit(java.lang.Object, int, java.lang.Object)'> (0x00000000c85c52e0) 
thrown [s\open\src\hotspot\share\interpreter\linkResolver.cpp, line 773]
Event: 1.109 Thread 0x000001dd5523a620 Exception <a 'java/lang/NoSuchMethodError'{0x00000000c8952f80}: 'int java.lang.invoke.DirectMethodHandle$Holder.invokeSpecial(java.lang.Object, java.lang.Object, java.lang.Object, java.lang.Object, java.lang.Object)'> (0x00000000c8952f80) 
thrown [s\open\src\hotspot\share\interpreter\linkResolver.cpp, line 773]
Event: 1.112 Thread 0x000001dd5523a620 Exception <a 'java/lang/NoSuchMethodError'{0x00000000c895b260}: 'void java.lang.invoke.DirectMethodHandle$Holder.invokeVirtual(java.lang.Object, java.lang.Object)'> (0x00000000c895b260) 
thrown [s\open\src\hotspot\share\interpreter\linkResolver.cpp, line 773]
Event: 1.325 Thread 0x000001dd5523a620 Exception <a 'java/lang/IncompatibleClassChangeError'{0x00000000c70f98e8}: Found class java.lang.Object, but interface was expected> (0x00000000c70f98e8) 
thrown [s\open\src\hotspot\share\interpreter\linkResolver.cpp, line 840]
Event: 1.423 Thread 0x000001dd6b645a10 Exception <a 'java/lang/NoSuchMethodError'{0x00000000c84d2240}: 'long java.lang.invoke.DirectMethodHandle$Holder.invokeSpecial(java.lang.Object, java.lang.Object)'> (0x00000000c84d2240) 
thrown [s\open\src\hotspot\share\interpreter\linkResolver.cpp, line 773]
Event: 1.424 Thread 0x000001dd6b645a10 Exception <a 'java/lang/NoSuchMethodError'{0x00000000c84dbda8}: 'long java.lang.invoke.DirectMethodHandle$Holder.invokeStatic(java.lang.Object, java.lang.Object)'> (0x00000000c84dbda8) 
thrown [s\open\src\hotspot\share\interpreter\linkResolver.cpp, line 773]
Event: 1.424 Thread 0x000001dd6b645a10 Exception <a 'java/lang/NoSuchMethodError'{0x00000000c84df120}: 'long java.lang.invoke.DirectMethodHandle$Holder.invokeStaticInit(java.lang.Object, java.lang.Object)'> (0x00000000c84df120) 
thrown [s\open\src\hotspot\share\interpreter\linkResolver.cpp, line 773]
Event: 1.425 Thread 0x000001dd6b645a10 Exception <a 'java/lang/NoSuchMethodError'{0x00000000c84eb1b8}: 'long java.lang.invoke.DirectMethodHandle$Holder.invokeInterface(java.lang.Object, java.lang.Object)'> (0x00000000c84eb1b8) 
thrown [s\open\src\hotspot\share\interpreter\linkResolver.cpp, line 773]
Event: 1.425 Thread 0x000001dd6b645a10 Exception <a 'java/lang/IncompatibleClassChangeError'{0x00000000c84ee478}: Found class java.lang.Object, but interface was expected> (0x00000000c84ee478) 
thrown [s\open\src\hotspot\share\interpreter\linkResolver.cpp, line 840]
Event: 1.436 Thread 0x000001dd6b645a10 Exception <a 'java/lang/NoSuchMethodError'{0x00000000c83c5a98}: 'java.lang.Object java.lang.invoke.DirectMethodHandle$Holder.invokeVirtual(java.lang.Object, java.lang.Object, java.lang.Object, java.lang.Object)'> (0x00000000c83c5a98) 
thrown [s\open\src\hotspot\share\interpreter\linkResolver.cpp, line 773]

ZGC Phase Switch (0 events):
No events

VM Operations (20 events):
Event: 1.058 Executing VM operation: G1CollectForAllocation (G1 Evacuation Pause) done
Event: 1.095 Executing VM operation: HandshakeAllThreads (Deoptimize)
Event: 1.095 Executing VM operation: HandshakeAllThreads (Deoptimize) done
Event: 1.257 Executing VM operation: HandshakeAllThreads (Deoptimize)
Event: 1.257 Executing VM operation: HandshakeAllThreads (Deoptimize) done
Event: 1.258 Executing VM operation: HandshakeAllThreads (Deoptimize)
Event: 1.258 Executing VM operation: HandshakeAllThreads (Deoptimize) done
Event: 1.334 Executing VM operation: G1CollectForAllocation (G1 Evacuation Pause)
Event: 1.338 Executing VM operation: G1CollectForAllocation (G1 Evacuation Pause) done
Event: 1.476 Executing VM operation: HandshakeAllThreads (Deoptimize)
Event: 1.476 Executing VM operation: HandshakeAllThreads (Deoptimize) done
Event: 1.534 Executing VM operation: HandshakeAllThreads (Deoptimize)
Event: 1.534 Executing VM operation: HandshakeAllThreads (Deoptimize) done
Event: 1.672 Executing VM operation: HandshakeAllThreads (Deoptimize)
Event: 1.672 Executing VM operation: HandshakeAllThreads (Deoptimize) done
Event: 1.705 Executing VM operation: ICBufferFull
Event: 1.705 Executing VM operation: ICBufferFull done
Event: 1.728 Executing VM operation: G1CollectForAllocation (G1 Evacuation Pause)
Event: 1.743 Executing VM operation: G1CollectForAllocation (G1 Evacuation Pause) done
Event: 1.793 Executing VM operation: CollectForMetadataAllocation (Metadata GC Threshold)

Events (14 events):
Event: 0.024 Thread 0x000001dd5523a620 Thread added: 0x000001dd5523a620
Event: 0.037 Thread 0x000001dd66a2ac40 Thread added: 0x000001dd66a2ac40
Event: 0.037 Thread 0x000001dd66a2b8a0 Thread added: 0x000001dd66a2b8a0
Event: 0.037 Thread 0x000001dd66a32ed0 Thread added: 0x000001dd66a32ed0
Event: 0.037 Thread 0x000001dd66a34940 Thread added: 0x000001dd66a34940
Event: 0.037 Thread 0x000001dd66a354d0 Thread added: 0x000001dd66a354d0
Event: 0.037 Thread 0x000001dd66a381a0 Thread added: 0x000001dd66a381a0
Event: 0.037 Thread 0x000001dd66a3af70 Thread added: 0x000001dd66a3af70
Event: 0.076 Thread 0x000001dd66c93400 Thread added: 0x000001dd66c93400
Event: 0.079 Thread 0x000001dd66cb9ab0 Thread added: 0x000001dd66cb9ab0
Event: 0.820 Thread 0x000001dd6b645a10 Thread added: 0x000001dd6b645a10
Event: 1.272 Thread 0x000001dd6bce57a0 Thread added: 0x000001dd6bce57a0
Event: 1.303 Thread 0x000001dd6bce57a0 Thread exited: 0x000001dd6bce57a0
Event: 1.551 Thread 0x000001dd6b645a10 Thread exited: 0x000001dd6b645a10


Dynamic libraries:
0x00007ff76bac0000 - 0x00007ff76bad0000 	C:\Program Files\Java\jdk-21.0.10\bin\java.exe
0x00007ffbbe260000 - 0x00007ffbbe4c7000 	C:\Windows\SYSTEM32\ntdll.dll
0x00007ffbbcae0000 - 0x00007ffbbcbaa000 	C:\Windows\System32\KERNEL32.DLL
0x00007ffbbbb80000 - 0x00007ffbbbf82000 	C:\Windows\System32\KERNELBASE.dll
0x00007ffbbb7a0000 - 0x00007ffbbb8ec000 	C:\Windows\System32\ucrtbase.dll
0x00007ffb984d0000 - 0x00007ffb984ee000 	C:\Program Files\Java\jdk-21.0.10\bin\VCRUNTIME140.dll
0x00007ffb92e10000 - 0x00007ffb92e29000 	C:\Program Files\Java\jdk-21.0.10\bin\jli.dll
0x00007ffbbcf20000 - 0x00007ffbbcfdc000 	C:\Windows\System32\ADVAPI32.dll
0x00007ffbbcc40000 - 0x00007ffbbcce9000 	C:\Windows\System32\msvcrt.dll
0x00007ffbbc920000 - 0x00007ffbbc9c9000 	C:\Windows\System32\sechost.dll
0x00007ffbbd450000 - 0x00007ffbbd568000 	C:\Windows\System32\RPCRT4.dll
0x00007ffbbc5a0000 - 0x00007ffbbc76f000 	C:\Windows\System32\USER32.dll
0x00007ffbbb770000 - 0x00007ffbbb797000 	C:\Windows\System32\win32u.dll
0x00007ffbbc780000 - 0x00007ffbbc7ab000 	C:\Windows\System32\GDI32.dll
0x00007ffbbb900000 - 0x00007ffbbba29000 	C:\Windows\System32\gdi32full.dll
0x00007ffbbb470000 - 0x00007ffbbb513000 	C:\Windows\System32\msvcp_win.dll
0x00007ffb9b2b0000 - 0x00007ffb9b540000 	C:\Windows\WinSxS\amd64_microsoft.windows.common-controls_6595b64144ccf1df_6.0.26100.9278_none_3e0d1ba8e3303201\COMCTL32.dll
0x00007ffbaa4f0000 - 0x00007ffbaa4fb000 	C:\Windows\SYSTEM32\VERSION.dll
0x00007ffbbcee0000 - 0x00007ffbbcf11000 	C:\Windows\System32\IMM32.DLL
0x00007ffba3af0000 - 0x00007ffba3afc000 	C:\Program Files\Java\jdk-21.0.10\bin\vcruntime140_1.dll
0x00007ffb90660000 - 0x00007ffb906ed000 	C:\Program Files\Java\jdk-21.0.10\bin\msvcp140.dll
0x00007ffb3a8b0000 - 0x00007ffb3b5d7000 	C:\Program Files\Java\jdk-21.0.10\bin\server\jvm.dll
0x00007ffbbcbb0000 - 0x00007ffbbcc30000 	C:\Windows\System32\WS2_32.dll
0x00007ffbbb2f0000 - 0x00007ffbbb34e000 	C:\Windows\SYSTEM32\POWRPROF.dll
0x00007ffbb3170000 - 0x00007ffbb31a6000 	C:\Windows\SYSTEM32\WINMM.dll
0x00007ffbbb2d0000 - 0x00007ffbbb2e5000 	C:\Windows\SYSTEM32\UMPDC.dll
0x00007ffbba140000 - 0x00007ffbba15b000 	C:\Windows\SYSTEM32\kernel.appcore.dll
0x00007ffb98520000 - 0x00007ffb9852a000 	C:\Program Files\Java\jdk-21.0.10\bin\jimage.dll
0x00007ffbb8bc0000 - 0x00007ffbb8e02000 	C:\Windows\SYSTEM32\DBGHELP.DLL
0x00007ffbbd6f0000 - 0x00007ffbbda74000 	C:\Windows\System32\combase.dll
0x00007ffbbbfc0000 - 0x00007ffbbc099000 	C:\Windows\System32\OLEAUT32.dll
0x00007ffb9a580000 - 0x00007ffb9a5bb000 	C:\Windows\SYSTEM32\dbgcore.DLL
0x00007ffbbbac0000 - 0x00007ffbbbb6c000 	C:\Windows\System32\bcryptPrimitives.dll
0x00007ffb911c0000 - 0x00007ffb911e1000 	C:\Program Files\Java\jdk-21.0.10\bin\java.dll
0x00007ffbbda80000 - 0x00007ffbbe218000 	C:\Windows\System32\SHELL32.dll
0x00007ffbb8ef0000 - 0x00007ffbb979e000 	C:\Windows\SYSTEM32\windows.storage.dll
0x00007ffbbc7c0000 - 0x00007ffbbc8bb000 	C:\Windows\System32\SHCORE.dll
0x00007ffbbc0a0000 - 0x00007ffbbc106000 	C:\Windows\System32\shlwapi.dll
0x00007ffbbb390000 - 0x00007ffbbb3b9000 	C:\Windows\SYSTEM32\profapi.dll
0x00007ffb911a0000 - 0x00007ffb911b1000 	C:\Program Files\Java\jdk-21.0.10\bin\net.dll
0x00007ffbb1b00000 - 0x00007ffbb1c2a000 	C:\Windows\SYSTEM32\WINHTTP.dll
0x00007ffbba700000 - 0x00007ffbba76c000 	C:\Windows\system32\mswsock.dll
0x00007ffb91180000 - 0x00007ffb91196000 	C:\Program Files\Java\jdk-21.0.10\bin\nio.dll
0x00007ffb87590000 - 0x00007ffb875a8000 	C:\Program Files\Java\jdk-21.0.10\bin\zip.dll
0x00007ffb980f0000 - 0x00007ffb980fe000 	C:\Program Files\Java\jdk-21.0.10\bin\sunmscapi.dll
0x00007ffbbb520000 - 0x00007ffbbb69e000 	C:\Windows\System32\CRYPT32.dll
0x00007ffbbac30000 - 0x00007ffbbac60000 	C:\Windows\SYSTEM32\ncrypt.dll
0x00007ffbbabe0000 - 0x00007ffbbac1f000 	C:\Windows\SYSTEM32\NTASN1.dll

dbghelp: loaded successfully - version: 4.0.5 - missing functions: none
symbol engine: initialized successfully - sym options: 0x614 - pdb path: .;C:\Program Files\Java\jdk-21.0.10\bin;C:\Windows\SYSTEM32;C:\Windows\WinSxS\amd64_microsoft.windows.common-controls_6595b64144ccf1df_6.0.26100.9278_none_3e0d1ba8e3303201;C:\Program Files\Java\jdk-21.0.10\bin\server

VM Arguments:
jvm_args: -XX:TieredStopAtLevel=1 
java_command: com.codingplatform.CodingPlatformApplication
java_class_path (initial): D:\Placement\Intership\coding-platform\backend\backend\target\classes;C:\Users\Shravani\.m2\repository\org\springframework\boot\spring-boot\3.2.3\spring-boot-3.2.3.jar;C:\Users\Shravani\.m2\repository\org\springframework\boot\spring-boot-autoconfigure\3.2.3\spring-boot-autoconfigure-3.2.3.jar;C:\Users\Shravani\.m2\repository\ch\qos\logback\logback-classic\1.4.14\logback-classic-1.4.14.jar;C:\Users\Shravani\.m2\repository\ch\qos\logback\logback-core\1.4.14\logback-core-1.4.14.jar;C:\Users\Shravani\.m2\repository\org\apache\logging\log4j\log4j-to-slf4j\2.21.1\log4j-to-slf4j-2.21.1.jar;C:\Users\Shravani\.m2\repository\org\apache\logging\log4j\log4j-api\2.21.1\log4j-api-2.21.1.jar;C:\Users\Shravani\.m2\repository\org\slf4j\jul-to-slf4j\2.0.12\jul-to-slf4j-2.0.12.jar;C:\Users\Shravani\.m2\repository\jakarta\annotation\jakarta.annotation-api\2.1.1\jakarta.annotation-api-2.1.1.jar;C:\Users\Shravani\.m2\repository\org\yaml\snakeyaml\2.2\snakeyaml-2.2.jar;C:\Users\Shravani\.m2\repository\com\fasterxml\jackson\datatype\jackson-datatype-jdk8\2.15.4\jackson-datatype-jdk8-2.15.4.jar;C:\Users\Shravani\.m2\repository\com\fasterxml\jackson\datatype\jackson-datatype-jsr310\2.15.4\jackson-datatype-jsr310-2.15.4.jar;C:\Users\Shravani\.m2\repository\com\fasterxml\jackson\module\jackson-module-parameter-names\2.15.4\jackson-module-parameter-names-2.15.4.jar;C:\Users\Shravani\.m2\repository\org\apache\tomcat\embed\tomcat-embed-core\10.1.19\tomcat-embed-core-10.1.19.jar;C:\Users\Shravani\.m2\repository\org\apache\tomcat\embed\tomcat-embed-websocket\10.1.19\tomcat-embed-websocket-10.1.19.jar;C:\Users\Shravani\.m2\repository\org\springframework\spring-web\6.1.4\spring-web-6.1.4.jar;C:\Users\Shravani\.m2\repository\org\springframework\spring-beans\6.1.4\spring-beans-6.1.4.jar;C:\Users\Shravani\.m2\repository\io\micrometer\micrometer-observation\1.12.3\micrometer-observation-1.12.3.jar;C:\Users\Shravani\.m2\repository\io\micrometer\micrometer-commons\1.12.3\micrometer-commons-1.12.3.jar;C:\Users\Shravani\.m2\repository\org\springframework\spring-webmvc\6.1.4\spring-webmvc-6.1.4.jar;C:\Users\Shravani\.m2\repository\org\springframework\spring-context\6.1.4\spring-context-6.1.4.jar;C:\Users\Shravani\.m2\repository\org\springframework\spring-expression\6.1.4\spring-expression-6.1.4.jar;C:\Users\Shravani\.m2\repository\org\aspectj\aspectjweaver\1.9.21\aspectjweaver-1.9.21.jar;C:\Users\Shravani\.m2\repository\com\zaxxer\HikariCP\5.0.1\HikariCP-5.0.1.jar;C:\Users\Shravani\.m2\repository\org\springframework\spring-jdbc\6.1.4\spring-jdbc-6.1.4.jar;C:\Users\Shravani\.m2\repository\org\hibernate\orm\hibernate-core\6.4.4.Final\hibernate-core-6.4.4.Final.jar;C:\Users\Shravani\.m2\repository\jakarta\persistence\jakarta.persistence-api\3.1.0\jakarta.persistence-api-3.1.0.jar;C:\Users\Shravani\.m2\repository\jakarta\transaction\jakarta.transaction-api\2.0.1\jakarta.transaction-api-2.0.1.jar;C:\Users\Shravani\.m2\repository\org\jboss\logging\jboss-logging\3.5.3.Final\jboss-logging-3.5.3.Final.jar;C:\Users\Shravani\.m2\repository\org\hibernate\common\hibernate-commons-annotations\6.0.6.Final\hibernate-commons-annotations-6.0.6.Final.jar;C:\Users\Shravani\.m2\repository\io\smallrye\jandex\3.1.2\jandex-3.1.2.jar;C:\Users\Shravani\.m2\repository\com\fasterxml\classmate\1.6.0\classmate-1.6.0.jar;C:\Users\Shravani\.m2\repository\net\bytebuddy\byte-buddy\1.14.12\byte-buddy-1.14.12.jar;C:\Users\Shravani\.m2\repository\org\glassfish\jaxb\jaxb-runtime\4.0.4\jaxb-runtime-4.0.4.jar;C:\Users\Shravani\.m2\repository\org\glassfish\jaxb\jaxb-core\4.0.4\jaxb-core-4.0.4.jar;C:\Users\Shravani\.m2\repository\org\eclipse\angus\angus-activation\2.0.1\angus-activation-2.0.1.jar;C:\Users\Shravani\.m2\repository\org\glassfish\jaxb\txw2\4.0.4\txw2-4.0.4.jar;C:\Users\Shravani\.m2\repository\com\sun\istack\istack-commons-runtime\4.1.2\istack-commons-runtime-4.1.2.jar;C:\Users\Shravani\.m2\repository\jakarta\inject\jakarta.inject-api\2.0.1\jakarta.inject-api-2.0.1.jar;C:\Users\Shravani\.m2\repository\org\antlr\antlr4-runtime\4.13.0\antlr4-runtime-4.13.0.jar;C:\Users\Shravani\.m2\repository\org\springframework\data\spring-data-jpa\3.2.3\spring-data-jpa-3.2.3.jar;C:\Users\Shravani\.m2\repository\org\springframework\data\spring-data-commons\3.2.3\spring-data-commons-3.2.3.jar;C:\Users\Shravani\.m2\repository\org\springframework\spring-orm\6.1.4\spring-orm-6.1.4.jar;C:\Users\Shravani\.m2\repository\org\springframework\spring-tx\6.1.4\spring-tx-6.1.4.jar;C:\Users\Shravani\.m2\repository\org\slf4j\slf4j-api\2.0.12\slf4j-api-2.0.12.jar;C:\Users\Shravani\.m2\repository\org\springframework\spring-aspects\6.1.4\spring-aspects-6.1.4.jar;C:\Users\Shravani\.m2\repository\org\springframework\spring-aop\6.1.4\spring-aop-6.1.4.jar;C:\Users\Shravani\.m2\repository\org\springframework\security\spring-security-config\6.2.2\spring-security-config-6.2.2.jar;C:\Users\Shravani\.m2\repository\org\springframework\security\spring-security-web\6.2.2\spring-security-web-6.2.2.jar;C:\Users\Shravani\.m2\repository\org\apache\tomcat\embed\tomcat-embed-el\10.1.19\tomcat-embed-el-10.1.19.jar;C:\Users\Shravani\.m2\repository\org\hibernate\validator\hibernate-validator\8.0.1.Final\hibernate-validator-8.0.1.Final.jar;C:\Users\Shravani\.m2\repository\jakarta\validation\jakarta.validation-api\3.0.2\jakarta.validation-api-3.0.2.jar;C:\Users\Shravani\.m2\repository\org\postgresql\postgresql\42.6.1\postgresql-42.6.1.jar;C:\Users\Shravani\.m2\repository\org\checkerframework\checker-qual\3.31.0\checker-qual-3.31.0.jar;C:\Users\Shravani\.m2\repository\org\flywaydb\flyway-core\10.6.0\flyway-core-10.6.0.jar;C:\Users\Shravani\.m2\repository\com\fasterxml\jackson\dataformat\jackson-dataformat-toml\2.15.4\jackson-dataformat-toml-2.15.4.jar;C:\Users\Shravani\.m2\repository\com\fasterxml\jackson\core\jackson-core\2.15.4\jackson-core-2.15.4.jar;C:\Users\Shravani\.m2\repository\com\google\code\gson\gson\2.10.1\gson-2.10.1.jar;C:\Users\Shravani\.m2\repository\org\flywaydb\flyway-database-postgresql\10.6.0\flyway-database-postgresql-10.6.0.jar;C:\Users\Shravani\.m2\repository\io\jsonwebtoken\jjwt-api\0.11.5\jjwt-api-0.11.5.jar;C:\Users\Shravani\.m2\repository\io\jsonwebtoken\jjwt-impl\0.11.5\jjwt-impl-0.11.5.jar;C:\Users\Shravani\.m2\repository\io\jsonwebtoken\jjwt-jackson\0.11.5\jjwt-jackson-0.11.5.jar;C:\Users\Shravani\.m2\repository\com\fasterxml\jackson\core\jackson-databind\2.15.4\jackson-databind-2.15.4.jar;C:\Users\Shravani\.m2\repository\com\fasterxml\jackson\core\jackson-annotations\2.15.4\jackson-annotations-2.15.4.jar;C:\Users\Shravani\.m2\repository\org\springdoc\springdoc-openapi-starter-webmvc-ui\2.3.0\springdoc-openapi-starter-webmvc-ui-2.3.0.jar;C:\Users\Shravani\.m2\repository\org\springdoc\springdoc-openapi-starter-webmvc-api\2.3.0\springdoc-openapi-starter-webmvc-api-2.3.0.jar;C:\Users\Shravani\.m2\repository\org\springdoc\springdoc-openapi-starter-common\2.3.0\springdoc-openapi-starter-common-2.3.0.jar;C:\Users\Shravani\.m2\repository\io\swagger\core\v3\swagger-core-jakarta\2.2.19\swagger-core-jakarta-2.2.19.jar;C:\Users\Shravani\.m2\repository\org\apache\commons\commons-lang3\3.13.0\commons-lang3-3.13.0.jar;C:\Users\Shravani\.m2\repository\io\swagger\core\v3\swagger-annotations-jakarta\2.2.19\swagger-annotations-jakarta-2.2.19.jar;C:\Users\Shravani\.m2\repository\io\swagger\core\v3\swagger-models-jakarta\2.2.19\swagger-models-jakarta-2.2.19.jar;C:\Users\Shravani\.m2\repository\com\fasterxml\jackson\dataformat\jackson-dataformat-yaml\2.15.4\jackson-dataformat-yaml-2.15.4.jar;C:\Users\Shravani\.m2\repository\org\webjars\swagger-ui\5.10.3\swagger-ui-5.10.3.jar;C:\Users\Shravani\.m2\repository\jakarta\xml\bind\jakarta.xml.bind-api\4.0.1\jakarta.xml.bind-api-4.0.1.jar;C:\Users\Shravani\.m2\repository\jakarta\activation\jakarta.activation-api\2.1.2\jakarta.activation-api-2.1.2.jar;C:\Users\Shravani\.m2\repository\org\springframework\spring-core\6.1.4\spring-core-6.1.4.jar;C:\Users\Shravani\.m2\repository\org\springframework\spring-jcl\6.1.4\spring-jcl-6.1.4.jar;C:\Users\Shravani\.m2\repository\org\springframework\security\spring-security-core\6.2.2\spring-security-core-6.2.2.jar;C:\Users\Shravani\.m2\repository\org\springframework\security\spring-security-crypto\6.2.2\spring-security-crypto-6.2.2.jar
Launcher Type: SUN_STANDARD

[Global flags]
     intx CICompilerCount                          = 4                                         {product} {ergonomic}
     uint ConcGCThreads                            = 3                                         {product} {ergonomic}
     uint G1ConcRefinementThreads                  = 10                                        {product} {ergonomic}
   size_t G1HeapRegionSize                         = 1048576                                   {product} {ergonomic}
    uintx GCDrainStackTargetSize                   = 64                                        {product} {ergonomic}
   size_t InitialHeapSize                          = 62914560                                  {product} {ergonomic}
   size_t MarkStackSize                            = 4194304                                   {product} {ergonomic}
   size_t MaxHeapSize                              = 987758592                                 {product} {ergonomic}
   size_t MaxNewSize                               = 592445440                                 {product} {ergonomic}
   size_t MinHeapDeltaBytes                        = 1048576                                   {product} {ergonomic}
   size_t MinHeapSize                              = 8388608                                   {product} {ergonomic}
    uintx NonNMethodCodeHeapSize                   = 4096                                   {pd product} {ergonomic}
    uintx NonProfiledCodeHeapSize                  = 0                                      {pd product} {ergonomic}
     bool ProfileInterpreter                       = false                                  {pd product} {command line}
    uintx ProfiledCodeHeapSize                     = 0                                      {pd product} {ergonomic}
   size_t SoftMaxHeapSize                          = 987758592                              {manageable} {ergonomic}
     intx TieredStopAtLevel                        = 1                                         {product} {command line}
     bool UseCompressedOops                        = true                           {product lp64_product} {ergonomic}
     bool UseG1GC                                  = true                                      {product} {ergonomic}
     bool UseLargePagesIndividualAllocation        = false                                  {pd product} {ergonomic}

Logging:
Log output configuration:
 #0: stdout all=warning uptime,level,tags foldmultilines=false
 #1: stderr all=off uptime,level,tags foldmultilines=false

Environment Variables:
JAVA_HOME=C:\Program Files\Java\jdk-21.0.10
PATH=C:\Program Files\Common Files\Oracle\Java\javapath;E:\installation\Scripts\;C:\Program Files\Eclipse Adoptium\jdk-17.0.17.10-hotspot\bin;C:\Windows\system32;C:\Windows;C:\Windows\System32\Wbem;C:\Windows\System32\WindowsPowerShell\v1.0\;C:\Windows\System32\OpenSSH\;E:\installation\;E:\installation\Git\cmd;E:\installation\MongoDB\Server\8.0\bin;C:\Program Files\MongoDB\Server\8.2\bin;C:\Users\Shravani\Downloads\mongosh-2.6.0-win32-x64\mongosh-2.6.0-win32-x64\bin;C:\Program Files\Java\jdk-21.0.10;C:\java Program;C:\Program Files\MySQL\MySQL Server 9.2;C:\MySQL\MySQL Server 9.2\bin;C:\Program Files\apache-maven-3.9.16\bin;C:\Program Files\MySQL\MySQL Shell 8.0\bin\;C:\Users\Shravani\AppData\Local\Microsoft\WindowsApps;E:\installation\Microsoft VS Code\bin;C:\Users\Shravani\AppData\Roaming\npm;E:\installation\MongoDB\Server\8.0\bin;C:\Program Files\MongoDB\Server\8.2\bin;E:\installation\Antigravity\bin;C:\Program Files\MySQL\MySQL Server 9.2;C:\MySQL\MySQL Server 9.2\bin;
USERNAME=Shravani
OS=Windows_NT
PROCESSOR_IDENTIFIER=Intel64 Family 6 Model 154 Stepping 4, GenuineIntel
TMP=C:\Users\Shravani\AppData\Local\Temp
TEMP=C:\Users\Shravani\AppData\Local\Temp




Periodic native trim disabled

---------------  S Y S T E M  ---------------

OS:
 Windows 11 , 64 bit Build 26100 (10.0.26100.9278)
OS uptime: 2 days 10:45 hours

CPU: total 12 (initial active 12) (6 cores per cpu, 2 threads per core) family 6 model 154 stepping 4 microcode 0x437, cx8, cmov, fxsr, ht, mmx, 3dnowpref, sse, sse2, sse3, ssse3, sse4.1, sse4.2, popcnt, lzcnt, tsc, tscinvbit, avx, avx2, aes, erms, clmul, bmi1, bmi2, adx, sha, fma, vzeroupper, clflush, clflushopt, clwb, serialize, rdtscp, rdpid, fsrm, f16c, pku, cet_ibt, cet_ss
Processor Information for processor 0
  Max Mhz: 1300, Current Mhz: 1300, Mhz Limit: 1300
Processor Information for processor 1
  Max Mhz: 1300, Current Mhz: 1300, Mhz Limit: 1300
Processor Information for processor 2
  Max Mhz: 1300, Current Mhz: 1300, Mhz Limit: 1300
Processor Information for processor 3
  Max Mhz: 1300, Current Mhz: 1300, Mhz Limit: 1300
Processor Information for processor 4
  Max Mhz: 1300, Current Mhz: 900, Mhz Limit: 897
Processor Information for processor 5
  Max Mhz: 1300, Current Mhz: 900, Mhz Limit: 897
Processor Information for processor 6
  Max Mhz: 1300, Current Mhz: 900, Mhz Limit: 897
Processor Information for processor 7
  Max Mhz: 1300, Current Mhz: 900, Mhz Limit: 897
Processor Information for processor 8
  Max Mhz: 1300, Current Mhz: 900, Mhz Limit: 897
Processor Information for processor 9
  Max Mhz: 1300, Current Mhz: 900, Mhz Limit: 897
Processor Information for processor 10
  Max Mhz: 1300, Current Mhz: 900, Mhz Limit: 897
Processor Information for processor 11
  Max Mhz: 1300, Current Mhz: 900, Mhz Limit: 897

Memory: 4k page, system-wide physical 3767M (14M free)
TotalPageFile size 15543M (AvailPageFile size 7M)
current process WorkingSet (physical memory assigned to process): 133M, peak: 133M
current process commit charge ("private bytes"): 181M, peak: 193M

vm_info: Java HotSpot(TM) 64-Bit Server VM (21.0.10+8-LTS-217) for windows-amd64 JRE (21.0.10+8-LTS-217), built on 2025-12-18T14:59:28Z by "mach5run" with MS VC++ 17.13 (VS2022)

END.
